Archive member included to satisfy reference by file (symbol)

C:\Users\BS THITE\SimplicityStudio\v4_workspace\soc-btmesh-empty\protocol\bluetooth\lib\EFR32XG13X\GCC\libbluetooth_mesh.a(bgapi.c.obj)
                              ./gecko_main.o (symbol from plugin) (gecko_cmd_msg_buf)
C:\Users\BS THITE\SimplicityStudio\v4_workspace\soc-btmesh-empty\protocol\bluetooth\lib\EFR32XG13X\GCC\libbluetooth_mesh.a(bgapi_gap.c.obj)
                              ./gecko_main.o (symbol from plugin) (sli_bt_cmd_le_gap_set_mode)
C:\Users\BS THITE\SimplicityStudio\v4_workspace\soc-btmesh-empty\protocol\bluetooth\lib\EFR32XG13X\GCC\libbluetooth_mesh.a(bgapi_gatt_lib.c.obj)
                              ./gecko_main.o (symbol from plugin) (sli_bt_cmd_gatt_server_write_attribute_value)
C:\Users\BS THITE\SimplicityStudio\v4_workspace\soc-btmesh-empty\protocol\bluetooth\lib\EFR32XG13X\GCC\libbluetooth_mesh.a(bgapi_hardware.c.obj)
                              ./gecko_main.o (symbol from plugin) (sli_bt_cmd_hardware_set_soft_timer)
C:\Users\BS THITE\SimplicityStudio\v4_workspace\soc-btmesh-empty\protocol\bluetooth\lib\EFR32XG13X\GCC\libbluetooth_mesh.a(bgapi_le_connection.c.obj)
                              ./gecko_main.o (symbol from plugin) (sli_bt_cmd_le_connection_close)
C:\Users\BS THITE\SimplicityStudio\v4_workspace\soc-btmesh-empty\protocol\bluetooth\lib\EFR32XG13X\GCC\libbluetooth_mesh.a(bgapi_ps.c.obj)
                              ./gecko_main.o (symbol from plugin) (sli_bt_cmd_flash_ps_erase_all)
C:\Users\BS THITE\SimplicityStudio\v4_workspace\soc-btmesh-empty\protocol\bluetooth\lib\EFR32XG13X\GCC\libbluetooth_mesh.a(bgapi_system.c.obj)
                              ./gecko_main.o (symbol from plugin) (sli_bt_cmd_system_get_bt_address)
C:\Users\BS THITE\SimplicityStudio\v4_workspace\soc-btmesh-empty\protocol\bluetooth\lib\EFR32XG13X\GCC\libbluetooth_mesh.a(bgbuf.c.obj)
                              bgapi_gap.c.obj (symbol from plugin) (bgbuf_copy_to)
C:\Users\BS THITE\SimplicityStudio\v4_workspace\soc-btmesh-empty\protocol\bluetooth\lib\EFR32XG13X\GCC\libbluetooth_mesh.a(bglib.c.obj)
                              ./src/main.o (symbol from plugin) (gecko_wait_event)
C:\Users\BS THITE\SimplicityStudio\v4_workspace\soc-btmesh-empty\protocol\bluetooth\lib\EFR32XG13X\GCC\libbluetooth_mesh.a(bondingdb.c.obj)
                              bglib.c.obj (symbol from plugin) (bondingdb_get_max_bonds)
C:\Users\BS THITE\SimplicityStudio\v4_workspace\soc-btmesh-empty\protocol\bluetooth\lib\EFR32XG13X\GCC\libbluetooth_mesh.a(btl_interface.c.obj)
                              bgapi.c.obj (symbol from plugin) (bootloader_getInfo)
C:\Users\BS THITE\SimplicityStudio\v4_workspace\soc-btmesh-empty\protocol\bluetooth\lib\EFR32XG13X\GCC\libbluetooth_mesh.a(efr32xg1x.c.obj)
                              bglib.c.obj (symbol from plugin) (bg_hal_set_ctune)
C:\Users\BS THITE\SimplicityStudio\v4_workspace\soc-btmesh-empty\protocol\bluetooth\lib\EFR32XG13X\GCC\libbluetooth_mesh.a(gap.c.obj)
                              bglib.c.obj (symbol from plugin) (gap_reset_state)
C:\Users\BS THITE\SimplicityStudio\v4_workspace\soc-btmesh-empty\protocol\bluetooth\lib\EFR32XG13X\GCC\libbluetooth_mesh.a(gap_adv.c.obj)
                              bgapi_gap.c.obj (symbol from plugin) (gap_set_advertising_timing)
C:\Users\BS THITE\SimplicityStudio\v4_workspace\soc-btmesh-empty\protocol\bluetooth\lib\EFR32XG13X\GCC\libbluetooth_mesh.a(gap_deprecated.c.obj)
                              bgapi_gap.c.obj (symbol from plugin) (ubt_gap_set_adv_parameters)
C:\Users\BS THITE\SimplicityStudio\v4_workspace\soc-btmesh-empty\protocol\bluetooth\lib\EFR32XG13X\GCC\libbluetooth_mesh.a(gap_periodic_adv-stubs.c.obj)
                              bglib.c.obj (symbol from plugin) (ubt_gap_alloc_periodic_adv)
C:\Users\BS THITE\SimplicityStudio\v4_workspace\soc-btmesh-empty\protocol\bluetooth\lib\EFR32XG13X\GCC\libbluetooth_mesh.a(gap_periodic_scan-stubs.c.obj)
                              bglib.c.obj (symbol from plugin) (ubt_gap_alloc_periodic_scan)
C:\Users\BS THITE\SimplicityStudio\v4_workspace\soc-btmesh-empty\protocol\bluetooth\lib\EFR32XG13X\GCC\libbluetooth_mesh.a(gap_resolver.c.obj)
                              gap.c.obj (symbol from plugin) (gap_address_resolver_step)
C:\Users\BS THITE\SimplicityStudio\v4_workspace\soc-btmesh-empty\protocol\bluetooth\lib\EFR32XG13X\GCC\libbluetooth_mesh.a(gap_scan.c.obj)
                              gap.c.obj (symbol from plugin) (gap_status_set_scan_packet)
C:\Users\BS THITE\SimplicityStudio\v4_workspace\soc-btmesh-empty\protocol\bluetooth\lib\EFR32XG13X\GCC\libbluetooth_mesh.a(gap_whitelist-stubs.c.obj)
                              bondingdb.c.obj (symbol from plugin) (gap_whitelist_clear_list)
C:\Users\BS THITE\SimplicityStudio\v4_workspace\soc-btmesh-empty\protocol\bluetooth\lib\EFR32XG13X\GCC\libbluetooth_mesh.a(gatt.c.obj)
                              gap.c.obj (symbol from plugin) (gatt_init_connection)
[...]
Memory Configuration

Name             Origin             Length             Attributes
FLASH_BOOTLOADER 0x0fe10000         0x00004000         xr
FLASH            0x00000000         0x00080000         xr
RAM              0x20000000         0x00010000         xrw
*default*        0x00000000         0xffffffff

Linker script and memory map

LOAD c:/siliconlabs/simplicitystudio/v4/developer/toolchains/gnu_arm/7.2_2017q4/bin/../lib/gcc/arm-none-eabi/7.2.1/thumb/v7e-m/fpv4-sp/softfp/crti.o
LOAD c:/siliconlabs/simplicitystudio/v4/developer/toolchains/gnu_arm/7.2_2017q4/bin/../lib/gcc/arm-none-eabi/7.2.1/thumb/v7e-m/fpv4-sp/softfp/crtbegin.o
LOAD c:/siliconlabs/simplicitystudio/v4/developer/toolchains/gnu_arm/7.2_2017q4/bin/../lib/gcc/arm-none-eabi/7.2.1/../../../../arm-none-eabi/lib/thumb/v7e-m/fpv4-sp/softfp/crt0.o
START GROUP
LOAD C:\Users\BSTHIT~1\AppData\Local\Temp\ccEVzNrt.ltrans0.ltrans.o
LOAD C:\Users\BSTHIT~1\AppData\Local\Temp\ccEVzNrt.ltrans1.ltrans.o
LOAD C:\Users\BSTHIT~1\AppData\Local\Temp\ccEVzNrt.ltrans2.ltrans.o
LOAD C:\Users\BSTHIT~1\AppData\Local\Temp\ccEVzNrt.ltrans3.ltrans.o
LOAD C:\Users\BSTHIT~1\AppData\Local\Temp\ccEVzNrt.ltrans4.ltrans.o
LOAD C:\Users\BSTHIT~1\AppData\Local\Temp\ccEVzNrt.ltrans5.ltrans.o
LOAD C:\Users\BSTHIT~1\AppData\Local\Temp\ccEVzNrt.ltrans6.ltrans.o
LOAD C:\Users\BSTHIT~1\AppData\Local\Temp\ccEVzNrt.ltrans7.ltrans.o
LOAD C:\Users\BSTHIT~1\AppData\Local\Temp\ccEVzNrt.ltrans8.ltrans.o
LOAD C:\Users\BSTHIT~1\AppData\Local\Temp\ccEVzNrt.ltrans9.ltrans.o
LOAD C:\Users\BS THITE\SimplicityStudio\v4_workspace\soc-btmesh-empty\protocol\bluetooth\lib\EFR32XG13X\GCC\libbluetooth_mesh.a
LOAD C:\Users\BS THITE\SimplicityStudio\v4_workspace\soc-btmesh-empty\protocol\bluetooth\lib\EFR32XG13X\GCC\libcoex.a
LOAD C:\Users\BS THITE\SimplicityStudio\v4_workspace\soc-btmesh-empty\protocol\bluetooth\lib\EFR32XG13X\GCC\binapploader.o
LOAD C:\Users\BS THITE\SimplicityStudio\v4_workspace\soc-btmesh-empty\protocol\bluetooth\lib\EFR32XG13X\GCC\libpsstore.a
LOAD C:\Users\BS THITE\SimplicityStudio\v4_workspace\soc-btmesh-empty\platform\radio\rail_lib\autogen\librail_release\librail_efr32xg13_gcc_release.a
LOAD c:/siliconlabs/simplicitystudio/v4/developer/toolchains/gnu_arm/7.2_2017q4/bin/../lib/gcc/arm-none-eabi/7.2.1/../../../../arm-none-eabi/lib/thumb/v7e-m/fpv4-sp/softfp\libm.a
END GROUP
START GROUP
LOAD c:/siliconlabs/simplicitystudio/v4/developer/toolchains/gnu_arm/7.2_2017q4/bin/../lib/gcc/arm-none-eabi/7.2.1/thumb/v7e-m/fpv4-sp/softfp\libgcc.a
LOAD c:/siliconlabs/simplicitystudio/v4/developer/toolchains/gnu_arm/7.2_2017q4/bin/../lib/gcc/arm-none-eabi/7.2.1/../../../../arm-none-eabi/lib/thumb/v7e-m/fpv4-sp/softfp\libc_nano.a
LOAD c:/siliconlabs/simplicitystudio/v4/developer/toolchains/gnu_arm/7.2_2017q4/bin/../lib/gcc/arm-none-eabi/7.2.1/../../../../arm-none-eabi/lib/thumb/v7e-m/fpv4-sp/softfp\libnosys.a
END GROUP
START GROUP
LOAD c:/siliconlabs/simplicitystudio/v4/developer/toolchains/gnu_arm/7.2_2017q4/bin/../lib/gcc/arm-none-eabi/7.2.1/thumb/v7e-m/fpv4-sp/softfp\libgcc.a
LOAD c:/siliconlabs/simplicitystudio/v4/developer/toolchains/gnu_arm/7.2_2017q4/bin/../lib/gcc/arm-none-eabi/7.2.1/../../../../arm-none-eabi/lib/thumb/v7e-m/fpv4-sp/softfp\libg_nano.a
LOAD c:/siliconlabs/simplicitystudio/v4/developer/toolchains/gnu_arm/7.2_2017q4/bin/../lib/gcc/arm-none-eabi/7.2.1/../../../../arm-none-eabi/lib/thumb/v7e-m/fpv4-sp/softfp\libc_nano.a
END GROUP
START GROUP
LOAD c:/siliconlabs/simplicitystudio/v4/developer/toolchains/gnu_arm/7.2_2017q4/bin/../lib/gcc/arm-none-eabi/7.2.1/thumb/v7e-m/fpv4-sp/softfp\libgcc.a
LOAD c:/siliconlabs/simplicitystudio/v4/developer/toolchains/gnu_arm/7.2_2017q4/bin/../lib/gcc/arm-none-eabi/7.2.1/../../../../arm-none-eabi/lib/thumb/v7e-m/fpv4-sp/softfp\libc_nano.a
END GROUP
LOAD c:/siliconlabs/simplicitystudio/v4/developer/toolchains/gnu_arm/7.2_2017q4/bin/../lib/gcc/arm-none-eabi/7.2.1/thumb/v7e-m/fpv4-sp/softfp/crtend.o
LOAD c:/siliconlabs/simplicitystudio/v4/developer/toolchains/gnu_arm/7.2_2017q4/bin/../lib/gcc/arm-none-eabi/7.2.1/thumb/v7e-m/fpv4-sp/softfp/crtn.o

.text_bootloader
                0x0fe10000        0x0
 *(.binbootloader*)
                0x0fe10000                . = ALIGN (0x4000)

.text_apploader
                0x00000000     0xafc0
 *(.binapploader*)
 .binapploader  0x00000000     0xafc0 C:\Users\BS THITE\SimplicityStudio\v4_workspace\soc-btmesh-empty\protocol\bluetooth\lib\EFR32XG13X\GCC\binapploader.o

.text_signature
                0x0000afc0       0x40
                0x0000b000                . = ALIGN (0x800)
 *fill*         0x0000afc0       0x40 
                0x0000b000                __text_start__ = .

.text_application
                0x0000b000    0x55564
 *(.vectors)
 .vectors       0x0000b000       0xfc C:\Users\BSTHIT~1\AppData\Local\Temp\ccEVzNrt.ltrans0.ltrans.o
                0x0000b000                __Vectors
                0x0000b0fc                __Vectors_End = .
                0x000000fc                __Vectors_Size = (__Vectors_End - __Vectors)
                0x0000b0fc                __end__ = .
 *(.application_properties)
 .application_properties
                0x0000b0fc       0x40 C:\Users\BSTHIT~1\AppData\Local\Temp\ccEVzNrt.ltrans9.ltrans.o
                0x0000b0fc                bg_application_properties
 *(.gecko_configuration)
 *(.xo_configuration)
 *(.gatt_header)
 .gatt_header   0x0000b13c       0x34 C:\Users\BSTHIT~1\AppData\Local\Temp\ccEVzNrt.ltrans3.ltrans.o
                0x0000b13c                bg_gattdb_data
 *(.gatt_data)
 .gatt_data     0x0000b170      0x2d4 C:\Users\BSTHIT~1\AppData\Local\Temp\ccEVzNrt.ltrans3.ltrans.o
                0x0000b170                bg_gattdb_data_attribute_field_30
                0x0000b178                bg_gattdb_data_attribute_field_29
                0x0000b190                bg_gattdb_data_attribute_field_28
                0x0000b1a4                bg_gattdb_data_attribute_field_26
                0x0000b1ac                bg_gattdb_data_attribute_field_25
                0x0000b1b4                bg_gattdb_data_attribute_field_24
                0x0000b1bc                bg_gattdb_data_attribute_field_23
                0x0000b1c4                bg_gattdb_data_attribute_field_22
                0x0000b1c8                bg_gattdb_data_attribute_field_20
                0x0000b1d0                bg_gattdb_data_attribute_field_19
                0x0000b1d8                bg_gattdb_data_attribute_field_18
                0x0000b1e0                bg_gattdb_data_attribute_field_17
                0x0000b1e8                bg_gattdb_data_attribute_field_16
                0x0000b1ec                bg_gattdb_data_attribute_field_15
                0x0000b1fc                bg_gattdb_data_attribute_field_14
                0x0000b204                bg_gattdb_data_attribute_field_13
                0x0000b208                bg_gattdb_data_attribute_field_12
                0x0000b20c                bg_gattdb_data_attribute_field_11
                0x0000b214                bg_gattdb_data_attribute_field_10
                0x0000b21c                bg_gattdb_data_attribute_field_9
                0x0000b224                bg_gattdb_data_attribute_field_8
                0x0000b228                bg_gattdb_data_attribute_field_7
                0x0000b230                bg_gattdb_data_attribute_field_6
                0x0000b238                bg_gattdb_data_attribute_field_5
                0x0000b240                bg_gattdb_data_attribute_field_4
                0x0000b248                bg_gattdb_data_attribute_field_2
                0x0000b250                bg_gattdb_data_attribute_field_1
                0x0000b258                bg_gattdb_data_attribute_field_0
                0x0000b25c                bg_gattdb_data_adv_uuid128_map
                0x0000b26c                bg_gattdb_data_adv_uuid16_map
                0x0000b274                bg_gattdb_data_attributes_dynamic_mapping_map
                0x0000b288                bg_gattdb_data_uuidtable_128_map
                0x0000b2a8                bg_gattdb_data_uuidtable_16_map
                0x0000b2d0                bg_gattdb_data_attributes_map
 *(.text*)
 .text          0x0000b444       0x40 c:/siliconlabs/simplicitystudio/v4/developer/toolchains/gnu_arm/7.2_2017q4/bin/../lib/gcc/arm-none-eabi/7.2.1/thumb/v7e-m/fpv4-sp/softfp/crtbegin.o
 .text          0x0000b484       0x74 c:/siliconlabs/simplicitystudio/v4/developer/toolchains/gnu_arm/7.2_2017q4/bin/../lib/gcc/arm-none-eabi/7.2.1/../../../../arm-none-eabi/lib/thumb/v7e-m/fpv4-sp/softfp/crt0.o
                0x0000b484                _mainCRTStartup
                0x0000b484                _start
 .text          0x0000b4f8     0xd4c8 C:\Users\BSTHIT~1\AppData\Local\Temp\ccEVzNrt.ltrans0.ltrans.o
                0x0000b4f8                sli_bt_cmd_system_reset
                0x0000bc9e                bgapi_system_handle_rail_assert_failed
                0x0000bcb0                sli_bt_cmd_system_get_bt_address
                0x0000bcfc                bgapi_system_listener
                0x0000bd84                sli_bt_cmd_le_gap_set_advertise_report_scan_request
                0x0000bdf8                sli_bt_cmd_le_gap_set_advertise_channel_map
                0x0000be5c                sli_bt_cmd_le_gap_set_advertise_timing
                0x0000bef4                sli_bt_cmd_flash_ps_load
                0x0000bf50                sli_bt_cmd_flash_ps_save
                0x0000bf8c                sli_bt_cmd_flash_ps_erase_all
                0x0000bfc4                bgapi_ubt_listener
                0x0000c2ac                sli_bt_cmd_le_connection_close
                0x0000c2e8                bgapi_hardware_soft_timer_listener
                0x0000c348                sli_bt_cmd_hardware_set_soft_timer
                0x0000c3e8                sli_bt_cmd_gatt_server_send_characteristic_notification
                0x0000c4b8                sli_bt_cmd_gatt_server_send_user_write_response
                0x0000c56c                sli_bt_cmd_le_gap_start_discovery
                0x0000c59c                sli_bt_cmd_le_gap_discover
                0x0000c5cc                sli_bt_cmd_le_gap_set_discovery_type
                0x0000c624                sli_bt_cmd_le_gap_set_discovery_timing
                0x0000c658                sli_bt_cmd_le_gap_set_scan_parameters
                0x0000c6a8                sli_bt_cmd_le_gap_stop_advertising
                0x0000c6d4                sli_bt_cmd_le_gap_start_advertising
                0x0000c724                sli_bt_cmd_le_gap_set_advertise_configuration
                0x0000c77c                sli_bt_cmd_le_gap_end_procedure
                0x0000c7c4                sli_bt_cmd_le_gap_bt5_set_adv_data
                0x0000c838                sli_bt_cmd_le_gap_set_mode
                0x0000c884                bgapi_ubt_message_handler.lto_priv.688
                0x0000d024                loggerGetTimestamp
                0x0000d0d8                bleResponseString
                0x0000e0ec                bleResponseFailureDescription
                0x0000f114                displayUpdate
                0x000126f2                mesh_lib_generic_client_publish
                0x00012960                mesh_lib_init
                0x00012b98                mesh_lib_generic_server_event_handler
                0x00012df8                GLIB_setFont
                0x00013ff0                DMD_updateDisplay
                0x00014824                GLIB_drawString
                0x00015a5c                GLIB_clear
                0x00015c64                displayPrintf
                0x00015d64                GLIB_contextInit
                0x00015e36                USART_TxDouble
                0x00015e5e                USART_Tx
                0x00015e86                USART_SpiTransfer
                0x00015f32                USART_Rx
                0x00015f58                USART_Reset
                0x00016008                USART_Enable
                0x000165e4                SYSTEM_ChipRevisionGet
                0x00016718                RTCC_Init
                0x000167ac                RTCC_Enable
                0x00016828                RMU_ResetCauseGet
                0x000168d4                RMU_ResetCauseClear
                0x000169c0                MSC_Deinit
                0x000169e4                MSC_Init
                0x00016d7c                I2C_Transfer
                0x0001723c                I2C_TransferInit
                0x000174e4                GPIO_PinModeSet
                0x000175fc                bgbuf_free
                0x00017684                bgbuf_alloc_int.lto_priv.368
                0x00017744                bgbuf_clone_head
                0x00017796                bgbuf_clone
                0x00017808                bgbuf_alloc_copy_data
                0x00017832                sli_bt_cmd_gatt_server_write_attribute_value
                0x00017898                bgbuf_alloc_size
                0x000178a6                bgbuf_alloc
                0x00017acc                LETIMER0_IRQHandler
                0x00017b2c                I2C0_IRQHandler
                0x00017bc8                GPIO_ODD_IRQHandler
                0x00017be0                GPIO_EVEN_IRQHandler
                0x000180f0                DMD_init
                0x000182e4                main
                0x000183dc                USART_InitSync
                0x00018644                USART_InitAsync
                0x000188e4                I2C_Init
 .text          0x000189c0     0x65e8 C:\Users\BSTHIT~1\AppData\Local\Temp\ccEVzNrt.ltrans1.ltrans.o
                0x00019230                ccm_aes_setkey_wrap.lto_priv.360
                0x00019234                bgapi_test_lib_msg_handler
                0x00019298                bgapi_gatt_listener
                0x00019654                s441002f521efb51e688941f812d162c868d768386dbe8895c84e6d0b96394947.lto_priv.365
                0x0001969c                ll_linkGetWindowWidening
                0x000196f4                ll_connEncDataToBuffer
                0x0001971c                ll_connEncBufferToData
                0x00019748                ll_connValidateParams
                0x00019782                ll_connUpdateMaxPacketLengths
                0x000197f0                ll_connGetHandleByConn
                0x00019820                ll_connGetByHandle
                0x00019848                ll_connSetMaxRuntime.lto_priv.667
                0x00019862                bg_bit_clr_exclusive.lto_priv.394.lto_priv.661
                0x00019862                bg_bit_clr_exclusive.lto_priv.395.lto_priv.668
                0x00019862                bg_bit_clr_exclusive.lto_priv.397.lto_priv.659
                0x00019862                bg_bit_clr_exclusive.lto_priv.393.lto_priv.665
                0x00019862                bg_bit_clr_exclusive.lto_priv.396.lto_priv.662
                0x00019874                bg_bit_set_exclusive.lto_priv.404.lto_priv.660
                0x00019874                bg_bit_set_exclusive.lto_priv.400.lto_priv.669
                0x00019874                bg_bit_set_exclusive.lto_priv.399.lto_priv.671
                0x00019874                bg_bit_set_exclusive.lto_priv.398.lto_priv.650
                0x00019874                bg_bit_set_exclusive.lto_priv.401.lto_priv.646
                0x00019884                ll_connEncryptionConnectionInit
                0x000198ba                ll_connRaiseEvents
                0x00019b20                bg_bit_clr_atomic.lto_priv.407.lto_priv.694
                0x00019b20                bg_bit_clr_atomic.lto_priv.406.lto_priv.644
                0x00019b20                bg_bit_clr_atomic.lto_priv.405.lto_priv.649
                0x00019b38                bg_bit_set_atomic.lto_priv.410.lto_priv.643
                0x00019b38                bg_bit_set_atomic.lto_priv.409.lto_priv.648
                0x00019ff0                ll_channelmapUpdate
                0x0001a06e                ll_connInitNew
                0x0001a278                ll_channelmapUsedChannels
                0x0001a2a0                ll_channelmapGetChannelMap
                0x0001a2b8                ll_connUpdatedChannelClassification
                0x0001a324                ll_advExtUpdateChannelMap
                0x0001a344                ll_advGetByHandle
                0x0001a38c                ll_advGetMaxEventLength
                0x0001a4b8                set_change_awareness
                0x0001a4f4                set_client_features
                0x0001a554                mbedtls_zeroize.lto_priv.414.lto_priv.569
                0x0001a554                zeroize
                0x0001a554                mbedtls_zeroize.lto_priv.363
                0x0001a554                mbedtls_zeroize.lto_priv.415.lto_priv.485
                0x0001a564                crypto_management_release
                0x0001a598                CRYPTO_DataReadUnaligned.lto_priv.420.lto_priv.672
                0x0001a598                CRYPTO_DataReadUnaligned.lto_priv.421.lto_priv.663
                0x0001a5d6                CRYPTO_DataWriteUnaligned.lto_priv.422.lto_priv.673
                0x0001a5d6                CRYPTO_DataWriteUnaligned.lto_priv.423.lto_priv.664
                0x0001a61c                mbedtls_aes_init.part.4
                0x0001a624                mbedtls_aes_setkey_enc
                0x0001a660                aes_setkey_enc_wrap.lto_priv.356
                0x0001a662                mbedtls_cipher_update
                0x0001a704                mbedtls_cipher_cmac_finish
                0x0001a818                mbedtls_cipher_cmac_update
                0x0001a8e0                mbedtls_cipher_setup
                0x0001a914                mbedtls_mpi_cmp_mpi
                0x0001a994                mbedtls_mpi_cmp_int
                0x0001a9ae                mbedtls_mpi_bitlen
                0x0001a9ee                bg_pool_free
                0x0001aa40                bg_pool_alloc
                0x0001aa5c                bg_message_run
                0x0001aaf4                bg_message_call
                0x0001ab22                bg_message_remove_receivers
                0x0001ab58                bg_message_enqueue_free_callback.lto_priv.366
                0x0001ac20                bg_message_send
                0x0001ac34                bg_message_cancel_matching
                0x0001ac90                bg_malloc
                0x0001acae                bg_message_add_receiver
                0x0001acd2                bg_zalloc
                0x0001ad3c                bg_event_raise
                0x0001ad64                bg_event_allocate
                0x0001ad90                att_buf_send
                0x0001adac                att_send_pdu
                0x0001adb8                att_alloc_pdu_copy_data
                0x0001adf2                att_alloc_buf
                0x0001ae0a                att_alloc_pdu
                0x0001ae1a                att_send_execute_write_response
                0x0001ae34                att_send_write_response
                0x0001ae4e                att_send_error_response
                0x0001ae74                ubt_message_get_gap_adv_report_header
                0x0001aea0                acl_find_by_index
                0x0001aebc                acl_find_by_hci_handle
                0x0001aed8                acl_release
                0x0001af78                s6261974a293c5239df2c750357da7e82f8dcd8b99af88cb966ae52350464a9d6.lto_priv.425.lto_priv.499
                0x0001af78                s6261974a293c5239df2c750357da7e82f8dcd8b99af88cb966ae52350464a9d6.lto_priv.426.lto_priv.483
                0x0001af78                s6261974a293c5239df2c750357da7e82f8dcd8b99af88cb966ae52350464a9d6.lto_priv.427.lto_priv.479
                0x0001af84                s2c67b870202fec66ddf26c64f0c38ebce8d002b7fb23977d0446d8f2fee32cca.lto_priv.429.lto_priv.498
                0x0001af84                s2c67b870202fec66ddf26c64f0c38ebce8d002b7fb23977d0446d8f2fee32cca.lto_priv.431.lto_priv.484
                0x0001af84                s2c67b870202fec66ddf26c64f0c38ebce8d002b7fb23977d0446d8f2fee32cca.lto_priv.432.lto_priv.478
                0x0001af84                s2c67b870202fec66ddf26c64f0c38ebce8d002b7fb23977d0446d8f2fee32cca.lto_priv.430.lto_priv.527
                0x0001af94                s44389a8ac9ec1f4417202b0c39c4aa04c48805437e78a0db687ea4ade1f0523b
                0x0001b020                sb564fb369150d958564d1bd42df03165640b0cda2a16fa63b2ba18f310319a93
                0x0001b08c                sed6d275c1644f5870f983b2532a453e350b77621491aab9776c482c60af3b962
                0x0001b102                s7db2527fd401eaf542b753f433b690be6782df93e6a8b2a07999f9768dcf241e
                0x0001b140                s1052ea8e07a13dbb694b666558717402d20f23702129b1b2594fca4c65508ec8
                0x0001b19e                sb3ffae400409cf8d6db5a0261cfaf63686ccdf0abf07b80daddfa9e99cb50ec2
                0x0001b1e6                swapl.lto_priv.434.lto_priv.492
                0x0001b1ea                sa1aabd5b2c2178c6c7df821ce9095e134412afc3f66f2d59459370a9275e2d2d
                0x0001b3bc                s2c1899229a7d6562a4eedd8b5d64ce26d73555254b1d627e8b335c11f8e81506
                0x0001b5ea                s669e04133733ff8b3949203739e8e169102d3ed2b8382d0688126b8610b99e1e.isra.18.lto_priv.477
                0x0001b5ec                sd2cadb709ecca9f947ed0c2d4d8d99bfa79dfcd8daeba4a2cff6ad6b838d21d6.isra.12.lto_priv.374
                0x0001b5ee                s6bf7d18b9decd62f6e9a783ad4f1bbea0a55d71562c391fe4ca23a87421a2069.isra.8.lto_priv.523
                0x0001b5f0                s9d7f547bf34dd41bd216447235704cfdae22b42b87fefaed56b79ba8056bd710.isra.7.lto_priv.521
                0x0001b5f2                sl_free
                0x0001b60c                aes_ctx_free.lto_priv.359
                0x0001b61e                mbedtls_cipher_free
                0x0001b64e                mbedtls_ccm_free
                0x0001b662                ccm_ctx_free.lto_priv.362
                0x0001b672                mbedtls_mpi_free
                0x0001b69e                mbedtls_ecp_point_free.part.8
                0x0001b6b8                mbedtls_ecp_point_free
                0x0001b6be                mbedtls_ecp_group_free
                0x0001b71c                sl_calloc
                0x0001b73c                aes_ctx_alloc.lto_priv.358
                0x0001b752                ccm_ctx_alloc.lto_priv.361
                0x0001b76c                mbedtls_mpi_grow
                0x0001b7c4                mbedtls_mpi_lset
                0x0001b7ec                mbedtls_mpi_shift_r
                0x0001b860                mbedtls_mpi_read_binary
                0x0001b8cc                mbedtls_mpi_copy
                0x0001b924                mbedtls_ecp_copy
                0x0001c0de                mbedtls_mpi_sub_mpi
                0x0001c5a4                mbedtls_ecp_check_pubkey
                0x0001c7bc                ll_connFree
                0x0001c810                ll_advTaskStopHandle
                0x0001cac0                ll_connAlloc
                0x0001cb1c                ll_advSetData
                0x0001cc50                ll_advUpdateMaxEventLength
                0x0001cd84                ll_advExtTaskHandlerWaitTx
                0x0001d160                ll_advTaskHandlerWaitTx
                0x0001d19c                crypto_management_acquire_preemption
                0x0001d318                crypto_management_release_preemption
                0x0001d7ac                ll_connSendData
                0x0001d984                ll_connEnableDataFlow
                0x0001d99c                ll_connEncryptionFail
                0x0001d9ec                CRYPTO_KeyBufWriteUnaligned.lto_priv.418.lto_priv.674
                0x0001d9ec                CRYPTO_KeyBufWriteUnaligned.lto_priv.419.lto_priv.670
                0x0001da3e                ll_connEncryptionSetSessionKey
                0x0001dc88                aes_crypt_ctr_wrap.lto_priv.355
                0x0001dd24                bg_random_get_data
                0x0001dd84                mbedtls_aes_crypt_ecb
                0x0001de2c                aes_crypt_ecb_wrap.lto_priv.354
                0x0001de2e                aes_setkey_dec_wrap.lto_priv.357
                0x0001df08                s4aadd50e2ead2ba313b9c1d53309d1c6178864f8def0eb593bd4a4332d961fb1.isra.21.lto_priv.522
                0x0001e00c                s977d4043e740f6f6ed400e15fc7efc7ab40d6da7d8fc365e41cf5ed4fecaf2d1
 .text.unlikely
                0x0001efa8      0x420 C:\Users\BSTHIT~1\AppData\Local\Temp\ccEVzNrt.ltrans1.ltrans.o
                0x0001efa8                s99085babac311fc5fab79a02cf16fded3ace0a6094a431d97a3424674523e4b5
                0x0001efb8                s46c99b7b348b22dd8b82d5d0742d8fc1b11ae0c7d0d1dc031a821d2aabd2389f
                0x0001f0ae                mbedtls_mpi_safe_cond_assign
                0x0001f116                ecp_safe_invert_jac.lto_priv.385
                0x0001f15e                ecp_normalize_jac_many.lto_priv.386
 .text          0x0001f3c8     0x690c C:\Users\BSTHIT~1\AppData\Local\Temp\ccEVzNrt.ltrans2.ltrans.o
                0x0001f3c8                s22a7c684691ce882c473490449e645ad92515762ec3465cc0cc8e214c82e7494.lto_priv.579
                0x0001f3f0                s81d13496be6cd9d1631a416eec6500c2845df1549bf53ad7b3f7eb82e6f9d860.lto_priv.581
                0x0001f62c                s99706ec9cefad0764102cb5bdcebde1d96496104c401277e87779cc829eec13d.lto_priv.513
                0x0001f670                sb79a34730f122749cf6f6654471962aa3de899c18962aafee2249444a94fe968.lto_priv.504
                0x0001f8a4                s82c64607013583c5087085e79a2bd1fb7da2d63d2f14fc0a9cf9419d7e44b961
                0x0001f9ce                s90106b90b423fde8a9750c59dd3b7532699fea601b774f9e06ed994600106478.lto_priv.580
                0x0001fa0e                sf143d5ba33d43d8a4b44fe6e03dc05cdd684601d861548cac96f2cdbd9421dc9.lto_priv.582
                0x0001fa46                s0ef555943a77328c9be5fde3a3a1c5ee2d5b9883d07b40d02b9ddd8382751f83
                0x0001fa52                sb418c96a88c9d9584d4afad17e68d538fb05841b98cf9047f606f7c670e02f3d
                0x0001fa56                s9a3b06ede64983eaf9c5724a524e8b6591bee9448417a10d9b6f733b7c719e3e
                0x0001fa5a                s6023333357bd82eacac2a97d281ff2ba30cc4e16f5b4f7625a205c3ce126693a
                0x0001fa5e                s75ca731ab3433a2d4b7f3cc8b1e3812840a62e46038f7aae431292ba364b314c
                0x0001fc34                s8482faee25715676d5b29c73b516e0ecf4dacf67dc480b356a5cf7c5769c3a49
                0x0001fda8                s0e7522a29a87f9500643bb926c1056ad69d8f822e4a43f6ce9f5d6a68b5bc341
                0x0001ff4c                s3b5b12df5499eb044b0fcb9141de4fda6d7a519af03478a22ade7a427f187b82
                0x0001ffc4                s82c5e1544b4fed2281f8e64682566dec1dacfadee1b3554e3f612b2553f2c377
                0x0002025c                s99e892e4602708efce73e9f664e4be619c0fc357ed445596662688deaaad3d98
                0x000203ec                s5875b846aed321804db800d261a91f2579cc470b10ac3537b872a80d29ac34f2
                0x00020ecc                s5c09c78ce000038282facbea8e578d879cb1e24458c166c35a622c948c906e58.lto_priv.321
                0x00020f0c                s76f1df48e4a5181023c125fb58d433004a940c8d81bf89186fae88683c97367b.lto_priv.467
                0x00020f2c                s3662a7ce863dfcd55df5221ff5122d27e067fb9c60bfce9c439f1adacae308cb
                0x00020f5c                s1a4795653743e3857e3a6b4cf7f73c51595de21988c651985d59fa2fd1bb5743.lto_priv.371.lto_priv.390
                0x00020f5c                s1a4795653743e3857e3a6b4cf7f73c51595de21988c651985d59fa2fd1bb5743.lto_priv.372.lto_priv.373
                0x00020fd4                s92b37aaa9ec5cf3bf22b0435e979c841b7e217d7515e70d94d2d64786a265ec1.lto_priv.453
                0x00020fd4                s92b37aaa9ec5cf3bf22b0435e979c841b7e217d7515e70d94d2d64786a265ec1.lto_priv.387
                0x00020fde                s08e529688d03789299cf97c1b0805fbc608b5c955f5e81141607446595ad8254
                0x00020fe8                s9aa7e38fd4d48aa820b12bb119e41cf2827e9b7238afd6325e74dd3add03c37b.lto_priv.376
                0x00021038                sa9670d002c38558802c3e2b3ed4ed5fdeacaf4456e92f3c9fce5bf9781dc680b.lto_priv.471
                0x00021070                s4c742ff186fd7b16bad44423a884cee87feac72b6bf9c765136274c8e89a47f8.lto_priv.636
                0x00021098                s5ea5cfdae840f9b718ce2feab95a3acaae34d08ef67f94eb4a1858d42c00db8e
                0x000212ee                s47d6266b4a38e65c8ba68a8d4e1ba54b6f78102dabe15df51d0cb26788c82aef
                0x000212fe                s2f489a108ba7fcda9e53df35ccab748974301c8dc8fcb74cf41d095f38087e4e
                0x00021356                s869ebf5d1ddb382edf0e848b1dfbfc266664a5879b9f50e4288663d740e0f597
                0x0002138a                s67440f6c3c8dc1ef0b04b3de3ebc568c9c7ec2541b6bd72e3b3db2202cc4c8d3
                0x00021798                s91c553eea0c4fc20b28f6c43348107b1e0d8edf703409b09a80bf904903fa46b.lto_priv.389
                0x000217aa                se4a700b873adb527e4fe738ce5bf0a0e5af6c7bbb6740ddf8e8e2d90b3b6936e.part.20
                0x00021d2c                sfd1009219741b0750290222f261449b529db5656996dd0ab40a67ab7d7edc394
                0x000223aa                se4c5c4869c1fd425af9a9353dff9161ff0da180738231cbe0f9ed7e03ff3c76c.lto_priv.456
                0x000223c8                sc3a70966cf984e0c0be065fdf297224c0063258c0e34f108276380f48093aee4.lto_priv.534
                0x00022434                s1cd50f8088799769916153d4352a16a0896bbbae926205d2536953fc682c02ae.lto_priv.635
                0x000225e8                s7e28370973ee381ae9ebe8f451fd6f0c4fb7596529cb95bee2637797473f1f3a.lto_priv.584
                0x00022798                sb430a81dbc2ddbf9651a682f7a29197e1bf1eaec6ce6001ad5d8dbead3f818f5.lto_priv.520
                0x000227bc                s431a5bb2f948535a31e038d763b4316dcaed786f804469f51d293664a5fa118f.lto_priv.503
                0x0002281c                sde6b8ace8c1c1f296e49a357a91273b96b84d2d93d56f5c92c62b700dc912513
                0x00022834                sc557632ead5cc21ddb75bdbb8eb65592dcbc35049442350719f755c01aa328d1
                0x00022896                s7506562fc9b89d75c26feb65f105606dcbdc16c1aa462ef0533f77e5534ad2f5
                0x000228c0                s1d2ded0dafe78174c87b66bff868ec9df91c5b5f184d794eb1aad5889f4d16e9
                0x000228e8                s159d970698dc3e527243f512748c02159bf5d84debb89a009024b2178c6a4e69
                0x00022964                s09e08adc186901f795f97605530591010eaca9bbe80a9dadad5ddfb4eb388f94
                0x000229a8                s6ff14fe6bc0ca90c95ef60fe5011df1d824e2948bff1d0a161a4f4b84d8643fd
                0x000229e4                sd29e2637760b9137aab9bf98a9b541da79429965d7ec299a169c960935bbd404.lto_priv.568
                0x00022a14                s87acd33c0eac88824e4413cd64c80b6f14cbeaf6eec577d1064ab9411a19080a
                0x00022a3e                s62d446a5b6d4d7a648596316b05ca919571271afc5316f0ad5e77b43d5da8631.lto_priv.583
                0x00022ad0                sbe69ed6a01951a96c124a956d740741e7e7b04112e7cd674b4e489784f912d1b
                0x00022afc                sbec0cbe303bd593ca84a0f69dcc6edb968abae5a92b36ad914f394d98467557f
                0x00022b24                see7a379f97ad6b899d17c425c4f0bf137c6093b04f00532d0821e7a8be8e6b15.lto_priv.530
                0x00022b84                sd5a5764d7b99345d1055a0ec7cd53818205afa9782cc83eec96e76a85ba9d892
                0x00022bc0                sd5823feba9eb9b344ffd6d90a92b7968a62209a61b3e568cc724f2523291fcc8
                0x00022dd0                s32bcad62df57d781bb49ae171ad1e8d4313f93a05c3846b3365694849e874fc8
                0x00022e0c                s121d5ac45be480f1fae117220f7b4b5ea63da9ab677fff137353de9b358d66d9
                0x00022f58                s0c2e0b5cac430dda0686b9526dcec376d592e497c1dfe8b00134b86b071a7093
                0x00022fd4                s02db68217afc72b235f38a71741247dd90161b847a9b4e369760f613a0b8e40b
                0x0002307c                s07f43ffd9faa0a22b191e0756e79c5b89895da32fd902f6ffd60a0091e50acda
                0x0002316c                s588c8ee1c743f34e840fa4f7b4c6601fde65e6b9a212e2ea70e7c1b334959c8b.part.9
                0x000231c8                s3ad49a2bf094a61325a0536d8ac8171aaca6fb9f5910ca6dd806c6321ca13e98
                0x000231e0                sc088f32e04a429472e9721e74869095eea035f1a290c69aeda527ccd93810f8c
                0x00023230                s63585770c6ae5c3328d7aa92cc760f5bb14bfcc9dc1d2e134c88d53f9420de77
                0x000232b4                sfe7762df92738633b2a5f93207806ce0274854b94eeb9d03fa92c94c6ebfd8df
                0x000232f0                s7808f7a389709abacd73fb358ab76ed70d6fc3f0b4a0dddab4d76c3c9bb971fe
                0x000233f0                s645da1b697ee9275ada820be18567474705476e89923edc66d756660151420af
                0x00023430                sa2e0899b5be4db690e8625f942309f691e56fe7ea15549bf6068c98b9f49ad8d
                0x0002367e                s8f99fab0cdcfc8bdba2c27eced4721056a1f69c98baba5e6e5d8b01e68640dac
                0x000238a0                s16671c4bb7b6d8e7bcf499895d40f940971f27e537805451c289edcb3dbfa647
                0x000238f0                s04503efec82ff6ce3f10b9ceae932afea79c6e0615b6e4071a4f20d58cf1938d
                0x0002394c                s58f83e89d7cc67afc3e9e180c2379c2ad386ab8c1af2c1540b1775efdb032830
                0x000239a4                s3902d71650020e30d49db221264052dc6b47a41d0998031f5e931f8bc506380e
                0x000239c8                s5758f304d1e9ede43286b555fc7449a9a36461bacaf72c814ebe16a476a994e1
                0x000239e0                s5d62e4c0b5ea254c4df33e2eb9cdf644d44f044922fbf729f5b501ea5e880458.part.12
                0x00023d9c                s5ad154f4280798c81d8efe614d62f678e3b82aaeb8736c9ee4436aeef40cc5b3
                0x00023e2c                s86eb02fd0f466d954bb6ef4b143dd56d72ef904efbd40d00dba76579112dd7eb
                0x00023e90                sf5a4b7223536102b50c0384b09a740002d88dae1ab859fa6ae533f4102b13574.lto_priv.379.lto_priv.380
                0x00023e90                sf5a4b7223536102b50c0384b09a740002d88dae1ab859fa6ae533f4102b13574.lto_priv.378.lto_priv.391
                0x00023ece                s63169b833e31395a40688fe6e24649df7278c8af956a24aa1baecfaf6093924b.lto_priv.516
                0x00024014                s9ed26392f672898d9a69ae9d920d8e05b25c4e87e4285f2e4d759cc17d5444f6
                0x00024210                s4c774844f403cbd5fa09ebf1fd5855c3c03a680de906e0ea70594aa18fae3e40
                0x00024394                sb6573c26d57c72fd70516d6ee711a1c4bf38c2bd57007fe65025d43d7b123f2d
                0x00024418                s3ef72c250fc679b1e7555fcc5859516bbd1217911633b6edddffa82e113e342c
                0x000249d4                s2a8ce4553a4bfa22b7544f7af520042d8d7978856faa6f16c08c9cdcdb2723c0
                0x00024a04                mesh_trans_send_sdu
                0x00024de2                s0eea92efde56ff2a3d5f41decd03d49f2df1b00030afdce2deae55b064551c2c.lto_priv.375
                0x00025014                sc6a29736d24e399258424726c6d8fbb34bd40b92ab041a1e4095a147da4986db.lto_priv.470
                0x00025068                s67d73d41ee51e37ca4c7e65f4ae187ba531930c46bcc024e08e2e3b894fb80b9
                0x00025468                s6a097d47a7070834bb06e0b55eebdc2fcf8e809eaf61e82c5aa564c30a6eccad.lto_priv.455
                0x000257b0                s25d9e0e1dad17678be12a1721ea91a9bf6c2691bbe39c55b8c737f5b9076ea2b
                0x00025928                sb48c1d076c36de14f8d82d2c1aa78f595c177a10d2b48450c868aff376510afc
 .text.unlikely
                0x00025cd4      0x170 C:\Users\BSTHIT~1\AppData\Local\Temp\ccEVzNrt.ltrans2.ltrans.o
                0x00025cd4                sa0932636d2c0c8ca727ad797757c46d3d02c0f1fe9a5f41b1f2f9f9dfb3cc1f4.lto_priv.473.lto_priv.642
                0x00025ce4                s990c2e2b50b930d86de78a631d6cd478b2ba0c48f45a124a53b372eccf691cb3
                0x00025d2e                s3856d91d63899c53aa1f340d4c84d42cde0c7cb1f1c6c8584a102ceac41f8671
                0x00025df8                s235b77878ffa15982bc63f39ba97df4deca0129a0b97934227b542958aecfbd1
 .text          0x00025e44     0x5ad8 C:\Users\BSTHIT~1\AppData\Local\Temp\ccEVzNrt.ltrans3.ltrans.o
                0x00025e44                s8d212826c13c947a5f34f8154beb0d86a0931f439f9d50615a6d9b84de153e76
                0x00025e46                s09ed5682dcd8ac8f33ce83e45a56f148f0955b736b1f843af1b872e3aa8ab9a2.lto_priv.595
                0x00025e90                s3ae7f12b71a712653ee40e03e96f624e1f08a101483aa7b9096dcfd7c0d5f5cc.lto_priv.628
                0x00025ef4                sc51ded7a99df283122a275d0ecd5a8a7c29ff2bf06e77a2a5b1f363531aece47.lto_priv.627
                0x00025f24                s75b06c479315c0a7b5b8f05891e886b61d1a2a2c6124a9dcbe6778ed11582f71
                0x00025f34                s81abab53ce98518d5cb212a7d36c3e6ec3a8f2dee5da8772e5020a5162bdd3e3
                0x00025f8a                scbecaa652a6cc6759624c7a5bbe711e6da2fb9bf21b70d82ee3c94e900b2445b.lto_priv.507
                0x00026038                s4472ceb367e8b6c2f42c6aafea00a88a704b321cb95713fd0319168e99e08afe
                0x000260dc                s635c2435171484d333ca0acf1cd7f2f0059bae525d0bf8f014641447f79c180e.lto_priv.621
                0x000261c0                s267927430b38cc114fea2feca5bc705af5a9426d69e3c18b9a3e2c66985a7dfd
                0x00026264                s436b10ce7896188d75251d722f89b174cbf8653f8dbe69c4432f63420a5b0955.lto_priv.596
                0x000263a0                sea5b18769320d95f2f018a4e126e7637bd18baba5028b182b0aeec359bdc7b5d.lto_priv.622
                0x000263c8                s34632e976fe8de76207a09903a89a917d7a9fa25250638344f9d359ce16a3361.lto_priv.623
                0x0002645a                s3cd1a4a41e76d2e8de9cd2149b8f18141b81271b8fd827267f94cd2c3c088be2
                0x00026568                s05b16165b7a5efa73bb7b7e1f21aa15a65e1c61ce1ef1f317b238ae73d551cbe
                0x00026af0                s16c809febdaaa89faa5e479d1f9ff28a0a5e144e7a17dec3b4a2ac0f02bdab18
                0x00026ec4                s91f950c488b3ef6191a1b3b42263a42a04d3501c7c1f89f4ee006745330d57c3
                0x00026f08                sa5df575d0c1b6797d7561fed700bcc803d62d366712ab9d7ca0fdcbf4c758d45
                0x00026f50                s6bf7d48df75131539ada768514a930db9ba172abd107d46ff9db3d088f8066f0.lto_priv.573
                0x00026f62                s43b7e9d3eec1f84fa52d49bcc7ddbab20e16e8c902ae611a4e412fa10b0aa01e
                0x00027064                sa1d16f786461dc0aa926386a60e5e7170c8226a857040c463c9a27214a1626ae
                0x00027080                sd8a0175f916dfbea8923feda6e74370a7e2aa7e163c4783ba9507ba079bd9534
                0x0002709c                sfc00126fdd9b0b5e2b573c4c0b20d55edd59de3a84cae21783381e30429b8fe5
                0x00027196                se8ac6c3b2da9998a0513981dc365024057108e275510d360d8762f9792d33263
                0x000271ae                s5bc4b2d5af4a0fd71690e6ef55d87530910a772f66a38a5d201a4611621d7950
                0x000271d8                s0a870c2ab5f9c29dc38b0c7bed1b7a1a8562f0a917109545d67835b9fb5b2b3a.lto_priv.531
                0x000271f4                s52762b92e5b7fa69c70a48b983e7cb7d9a16ced4b710bbdf77c3f6f6c2a24007.lto_priv.532
                0x0002720c                s5e19155d2108ed2599e665c798ad574fcaa017439d9530eba84b7dc7c743850b.lto_priv.482
                0x0002721a                sb4c57ad7fc5bec8c4278635d262a70490f5ee7abe15aed9b7a79bc6f74f6f736
                0x00027244                s01474140abeea982cbcc17fe54d9015ac4c5ef83f19c4e4a8830deb2983c01d4.lto_priv.494
                0x00027260                sa0df6a53405b04cbd04355298998382d2cb4c82faf733f13ef3fdf72bffd6a66.lto_priv.537.lto_priv.647
                0x00027260                sa0df6a53405b04cbd04355298998382d2cb4c82faf733f13ef3fdf72bffd6a66.lto_priv.539.lto_priv.641
                0x00027266                s0f58d3e48ddfa68e4a7468881b641f28e4b801f7af7c7ff28247710dd9198f84.lto_priv.381
                0x000272b8                s2af6f9855b0bf5b0e2123292b183bd4f0724b10bb81497e27513f48811bac3c6
                0x000272c8                s7b2b44f7f0beda876bb716593a3db71ebcbca6b93c20057038d828d243932e1d.lto_priv.388
                0x00027344                s58135f5e7353d344dad389641bab2abd6d5ec2ea155857e830b6530ba15ee077.lto_priv.633
                0x00027388                s0693c3b33f7f6e8a2590215cdfbabac96d7cc9b1cd9b494a6da514ca5c4f2abe
                0x0002741c                s891d7a8f3d8d2bb974910d39b20e63b4866824c0780c3579375ebf7aae6a84ec.lto_priv.514
                0x00027474                s16fecf4b2913016fc53de7289ed5b5d86c892d0f6bb90c4c7839949861753371.lto_priv.519
                0x000274b2                s2b5c1aad074f8475a1bdf8542a28109622aa226ca4d745ce3ab9bb91ab0cc56f.lto_priv.518
                0x000274dc                sdc34cd4586d985c2b37afff341b88aeb535ebb11cc5670b5af271b5047768542
                0x000276c0                s3b7a8d9f6b6501ba51636326f98f73b66d80e0b21a727586cee33f8f89a5e794.lto_priv.517
                0x00027874                sef9892c36f55bd3b99f981d23142560c5f7333433a4fb6691d4484965b30b7f7
                0x000279a8                s0d0ba7a2cc1833aef5b836cf8c1eb6d0feca95e5a2e4b70dd2f31a588afea840
                0x00027a28                s400b0bb91136dc60dbed10e9c6a89f838e20eda566e2dfc066f2392c6fb81e86
                0x00027ab6                s5559104addd1b8c64a578652248f325add4f3747881b097909f3cab638499600
                0x00027b2c                sa259ab6ddbd289ce00f01c3b0450100d8ca6392ac80634169516370912410c8b.lto_priv.512
                0x00027b54                s19553c834432d53ea96cfb233793ca6d48721f230f5218ea43c1566ed5c2eaef.lto_priv.511
                0x00027bd0                s43880b476f0746ac8ccc6dd99788a4281bfb7a9c308668e7bac130dbb82d477b.lto_priv.510
                0x00027dac                s5d8863113e3f322e467d30701d40aa50de01c5939b3b2e3e70c1fc4ee8a8501f.lto_priv.509
                0x00027ddc                se129d7c4b491946bb958154e8b64a384aa9caf18da0375d6dff2b7a33f1fb77f.lto_priv.508
                0x00027e10                sc1093aa6a11bb3113eea0649ce71e93ce4779ecf6d3d7fc5ca2ae619d0ef1890.lto_priv.638
                0x00027f74                s9c730bf8430c02b21eb136a5613a6e7babeb112c912ab8bb5bf3f12ae3a2fbbd.lto_priv.620
                0x0002834c                sfeb0b174311675d2d2abf26cac650505dcc1bd916985af7028aa70cde2b7daae
                0x00028364                sd13d89e7b487c3541f8f0b82fe6e56ef53177a25aeecc973abdf522cd93ea064.lto_priv.625
                0x0002839c                s0600b16f3a4859ea3a343c708bb69d7718b1ecfd4520cbba2aad96b2196b6433
                0x0002845c                s0a025c619d89b448e0386c71465bfb1f8a8b503b9faaddbff1b002410cb62c6c
                0x00028472                s06f2390393a3029950a8e736c3a98f12d4cd0a4822f63a65a057e1f40c6db63a
                0x0002847e                sa0dcaede846c1cf6ff605eeff1b174c862480c3bab5ed2f136e13189396b13f7.lto_priv.364
                0x000284a2                s0e55f0d59628a699f55899a6d288545e93cc034b5b9cd4e37811cf1189aa217b
                0x000284d0                s98d678c94f3720ccca8dff1726a7200bd09e74b5a6104f03aeb69e33855e25e0.lto_priv.525
                0x00028554                s85d8b00bcf3fbae5571f41b980debd05bf0741a6b9ea059c048f3c7a95b3281b
                0x00028578                s74779adbbcf863200e1451a8c29acbe59451957791090009e576e1c718d8aebd.lto_priv.353
                0x0002857a                sc02bcd4350bf705a8796886673e2745ec11d0411ae650eb46503d2797d2e46f3
                0x0002876c                se690b0fe07f49ad8d2ae0af29a99ee5c790acd15eb1b2ea28e3daa26d209f652
                0x000288b8                s9d18a50c23c15f26a9282a97192a523869ef94295b2b5e8c9470ad2d0d65d9b0
                0x00028a14                s69df01788beb5e6b0e745200f66c544ce854ca052074bf32899353869dbd93e0.lto_priv.629
                0x00028aa8                sbdafaa440e57a64193537557d6aa3fd1d92e44a11dc88c64f239b0827e8c9451.lto_priv.630
                0x00028b38                s154a0b716ef4c089f1ecf9e16c05499c4296393e8804cfd7887b049bb5912fce.lto_priv.631
                0x00028ba0                s8824e333c9db5ae58c3891a564750a0cbd349703ff423c182817547e30c161bb.lto_priv.626
                0x00028bf6                scae4967310123b62d7c6676e660b86cfbe85d69d1aa88d9dade17cbbb37fb6b0
                0x00028c44                s0ff43e371d43058796f2e1532a3f9a50929c0b9c66473d8f918498d94258d25d.lto_priv.496
                0x00028cba                s85575a9990d7b698e5c670c70fbc89ce06baf3133f7955e3deee0618bb360543.part.2.lto_priv.462
                0x00028ce8                s232305ae92a955506cb9236fe14ee7e17497f60efdf5bbe7200ef62a9f0934ef.lto_priv.459
                0x00028d78                s0cc135feb4136b5dab910a0f2191fbb01ff05bf6be40895330584a6afde535a8.lto_priv.466
                0x00028d98                s5adf5f4b631212a46166c62fedf2cd11667ecb2dbb644657bd3a1396676d23f2.lto_priv.460
                0x00028dbc                sf067810364b2aec5684b07c9a8a7ec60df5a86cf6f911a17c705627ef3669c08.lto_priv.457
                0x00028e08                s3ebbfaec66888c2c291acd6316d253bf29306f5d50869f10909d04a313d2a29f.lto_priv.464
                0x00028f1c                s8bf682176896003a8c7b9f560968b21c29016e6c56c727c8d0044e9ea725a4a8.lto_priv.461
                0x00028f48                s04777374549746d7469d72609f6cc6053e6f5a2a8804e18d627b0ffa1b3b4c9b.lto_priv.465
                0x00029008                s3aab3a2d49f9a74e7b1025959b426a28c62a75da3148652129c158a6cf01911d
                0x00029038                s453a83a051f1575976e86407083eddc5e3f69bb8f35b32b9522a852d45723e55.lto_priv.458
                0x00029058                s15d3a88e2b5c3e40ee53f6b9655d6ec7c3c149f393815dd52d0ffc2179bb1f4a
                0x0002908c                s6be70e423681240d977bbe34b0cf593027330c5bc3286f410609fd7b6a06b6e6
                0x00029178                sf7f0cc2a1cfeefb234c633da646e543f1f4d015d17e55e7cd9f0b1e61a7375d0
                0x000291d8                s5ace8d174d1a7dadc73b36059a7fed43cf9c1b513ae2a0d659414c4838abd5d2.lto_priv.524
                0x00029384                s6f9c3cc2d46b87cf7ef6d7ea4605b61584507e71701542220590215a75574c9e
                0x000293b0                s63d0a2d89df92d0a7da510e1903e7d512cd451cb3600ad64e33675a0ec98415b.lto_priv.319
                0x00029496                s5b4a856e685e8bbe40b8a315c34d871a75b086194394d61cf1ef236fabec36db
                0x00029724                sd9d1bf544b875a76b2b9c6c7e2ce661d8778f13f54541c2a05342025175b566e.lto_priv.320
                0x000299f4                sddf00a2e20a2a4af2d0a266dee401930455613a1d1931d8ad43c77bafda73cf4
                0x00029edc                sc3726795190ea82ad23e6338ab096287f6e931b787309369857b2630ecb55c76
                0x00029efe                s97fbeca0e33cb33da8c08c054d9fa974029f199debe05fd11835cf1a3ec5397e.part.0
                0x0002a004                se906f228186613d6041e64e82fcf633b17a5867a19e4c649b25ad797b99861e4
                0x0002a04c                sc767b75b33b81a43ba6e01c74030cdacd34620dbdd6f7f1544c831ce8c7a4e23
                0x0002a094                s4dbc24937be26c9432eb2264dba166e98aa7139fb188303bb787e214e1291a45
                0x0002a0b8                sd8b6662acfa8c45811b587228d18e69b3173ac3c2aa99c24219b26b07cf5e7c4
                0x0002a334                sfb544dcbc916a8608320ef614dfb90da5a0257624ba93c76f3ab5106741a052d.lto_priv.632
                0x0002a3b0                saf28bdf0441bb687c71a936ad9d151b1d7fb97cd183bca97f3fbac184ba5e598
                0x0002a3bc                se1cac6d437a5c990ede8af11fe7a4789e10862a8ad142fcec6eb7f6eda1ef329.lto_priv.526
                0x0002a3d4                s8153570b1e6c3cc1e789ccb6833d3a7c5338f71e9d65a3b1e965d7fe4f6b8b16
                0x0002a418                s94de17b7f45f3f6576a715d745502c07eb7ba64e96b9cabb49eab2f847df0281
                0x0002a43e                s3f4a12bb3e21a280fa98dae53b62904e9b93882c5ea79a50c38097b6465097ef
                0x0002a452                s6f00c5bd1c654c0cefadcb4bef7b1965114995d4e3c1991567f0d3cac1ffe9f4
                0x0002a496                sab8ee35be9e0455a67e98c2a50156049d1c7ff232c8e9df80315689120dc45cd
                0x0002a4d2                s1484b20da5524d568ca70fbaccb47656cba58a283d79f2d0c7b559fce4640d72
                0x0002a52a                s6d6a349dc9180216a0b7d9fff14f65551937e8ab41dcd7619de87babb708bc4c.lto_priv.639
                0x0002a768                s27a2da3160af8eb827551ebddcc1417f39c1e1788cbf817e44639bf92eb1706a
                0x0002aa78                s3c74d0e33ad36a3b70d29648e40454e394ab11e025283bc8c86b9002d7222771
                0x0002aab6                s26e5a44e761857d4f38e1671a9d42ed4c4e2ff2d5c80c0ceca8f5c3526cd9932.lto_priv.529
                0x0002ad34                s2c9b333996f4ba1fec08590c7165f1c03a13619536612c68a311b1019644d779.lto_priv.594
                0x0002b01c                s075ad380b23e1fc656f1261114cdb2ad78cf0ef028f3790697fdf7704f23f60d
                0x0002b104                s4bb3c881a4f2998013bc4f0e0071ea7be0730d635ebb2e25a35cc4a818256ec2
                0x0002b4b8                s9d98cb56616ee6b6713e2f044bf92c13c2d31d586956b20346869aeab0992644.lto_priv.624
                0x0002b63c                s04224953bf77f159123795000d25af53af1953b43bbf8679517d3e80d583af8d
                0x0002b6e4                s60403f0a2f6aff2e8039b1ef2d554d6132983ba87810a1cd601a1a520db2d0b4.lto_priv.377
                0x0002b760                saa3f4a233c6a5af9fc48c73749f22796166c2be8b268c7ee617e74f8a5c0dfdf
                0x0002b8a4                s0a591dd92c6ffd09f27be69a7be9a851edab592edeb40d323dc07098f58b7efd.lto_priv.515
 .text.unlikely
                0x0002b91c      0x144 C:\Users\BSTHIT~1\AppData\Local\Temp\ccEVzNrt.ltrans3.ltrans.o
                0x0002b91c                sa89f4001ff43fbe686828de5ba9970d2c7e5d635e65bb036c6de661a05baead3
                0x0002b944                sfafffaa04d5160c67b78781dc616a19dd2b3254e1dd67fefb55623409aab8f9e
                0x0002b954                s469131eb325953ae3e9e83c3f282f242c4fd872052fb6c6b319172a2d5e1fae0.lto_priv.634
                0x0002b98e                sd9e7f6fcafb122eaa6fc2c16d63512da9ba59077c6cb72136095ae373ea16da3.part.4.lto_priv.469
                0x0002b9f0                sc1f0a1265fb45f08edf5828f0b6af85da035d94c8ea375e665fdd556a8d1478c.lto_priv.468
                0x0002ba24                se5e85306c48abe40b73c0cfbf35b67a016252c1abd3e36c7820ca32c3fe72598
 .text          0x0002ba60     0x45fc C:\Users\BSTHIT~1\AppData\Local\Temp\ccEVzNrt.ltrans4.ltrans.o
                0x0002ba60                timer_get_counter
                0x0002ba6c                s51e866c3b796c4208d0dbfff72b84810fb53d945b2ff058ea4ca41c80fa9c5a0
                0x0002bf22                BG_PRORTC_IRQHandler
                0x0002bf50                ll_task_default_callback.lto_priv.689
                0x0002bf90                s94899284f0a6eaabea4521ed9ff41637d8c539e38d4f84722576cebaa0457222
                0x0002bfb0                ubt_event_free
                0x0002c238                sli_bt_cmd_mesh_lpn_configure
                0x0002c814                sli_bt_cmd_mesh_node_set_adv_event_filter
                0x0002c928                sli_bt_cmd_mesh_sensor_server_init
                0x0002c9fc                sli_bt_cmd_mesh_lpn_init
                0x0002ca90                sli_bt_cmd_mesh_lpn_establish_friendship
                0x0002caf4                sli_bt_cmd_mesh_generic_server_publish
                0x0002cb50                sli_bt_cmd_mesh_generic_client_init
                0x0002cc90                sli_bt_cmd_mesh_generic_client_publish
                0x0002cd6c                sli_bt_cmd_mesh_generic_client_set
                0x0002ce58                sli_bt_cmd_mesh_generic_client_get
                0x0002ceec                sli_bt_cmd_mesh_node_start_unprov_beaconing
                0x0002d3d0                ubt_message_process.lto_priv.686
                0x0002d490                s3c1d4732e917bd089fdc37f78c2f773ddfe9dc62701892fc6b140fde0675f5c5
                0x0002d4c8                s297d86ba7a862d1d1bb4d5f81e5828e28adf723b91ed21d7d5b06162c5354532.lto_priv.558
                0x0002d512                sbc1e4b906ee028f433a832aba975802fde4c597bd8b690e156d7948113c776e0.lto_priv.384
                0x0002d52c                gecko_bgapi_class_mesh_lpn_init
                0x0002d532                gecko_bgapi_class_mesh_proxy_server_init
                0x0002d6a8                gecko_bgapi_class_mesh_proxy_init
                0x0002d6ae                sdbf4c0360e6215d47a6d8c6d7bbc89dd0f1802d998942d2ea7c6bb663127e44a.part.5
                0x0002d6ec                sdbf4c0360e6215d47a6d8c6d7bbc89dd0f1802d998942d2ea7c6bb663127e44a
                0x0002d728                sf8e4dcec56edc8f432e22515ac45714970d53de2b2ff1ae50418dd26887086a8
                0x0002d748                s970d3393953f0fa2908bf4bc7a6e9a735a62b329d7b30c42749761f3c07d3b63
                0x0002d780                s633b138059d7a22d9cef30ec855fdfb8b52ac2201edecd58ad23f4ff6c587a22
                0x0002d7ec                bg_message_send_nofree.lto_priv.564.lto_priv.571
                0x0002d7ec                bg_message_send_nofree.lto_priv.565.lto_priv.566
                0x0002d824                sli_bt_cmd_mesh_generic_server_update
                0x0002d8c4                sli_bt_cmd_mesh_generic_server_response
                0x0002da64                s4b7417202472b85b3f089ce3de37cdfc898a6a9b2f26736e634d159b347f3e4e.isra.2.lto_priv.562
                0x0002daa0                mesh_bgapi_listener
                0x0002de60                gecko_bgapi_class_mesh_generic_client_init
                0x0002de66                gecko_bgapi_class_mesh_node_init
                0x0002de6c                uuid_to_handle
                0x0002ded0                bgpacket_update_byte
                0x0002def0                bgpacket_packetize
                0x0002df0c                timer_get_time
                0x0002df34                smp_ah
                0x0002dfc4                usch_SendEvent
                0x0002dfd4                usch_RemoveTask
                0x0002e004                task_fail.lto_priv.666
                0x0002e00c                add_task.lto_priv.437
                0x0002e06c                nvm3_deleteObjects
                0x0002e10c                ecode2bg
                0x0002e14c                s92df2879f204b209d880cf89597ec85edb73c5347d097f02ca57f49ff6df22d6.lto_priv.382
                0x0002e22e                sf1a456cfa751d96d96171f3d7615c8f99ca964c647b75236d2f97745b9108b5f.lto_priv.383
                0x0002e310                sc9a531b154ff589c12ac7628668171efdebbb1b47fb5617f1ccdabc42c749510.lto_priv.570
                0x0002e444                s38dec662b22657678e0434a91cdad31a60cc5f6098a9b1f994d85222cefd8930
                0x0002e45a                ubt_pskey_read_callback
                0x0002e470                ubt_pskey_write_callback
                0x0002e486                BTLE_LL_EventRaise
                0x0002e4a0                BTLE_LLToHCIEventSAP
                0x0002e4d8                ll_to_hci_event_handler.lto_priv.685
                0x0002e5c0                sli_bt_cmd_mesh_node_init
                0x0002ff14                usch_Schedule
 .text.unlikely
                0x0003005c       0xb4 C:\Users\BSTHIT~1\AppData\Local\Temp\ccEVzNrt.ltrans4.ltrans.o
                0x0003005c                s0575a63e4ffa25a11cdd533f4901749922cead34799438f363ee375212772ad9
                0x00030090                sdf59f64a19171082d11bdec4ceabee6a355ab8574640833ec03fdc6b26a95c2a
 .text          0x00030110     0x51b8 C:\Users\BSTHIT~1\AppData\Local\Temp\ccEVzNrt.ltrans5.ltrans.o
                0x00030278                ll_radioTimerExpired.lto_priv.619
                0x0003039a                bg_pre_sleep
                0x0003039c                bg_post_wakeup
                0x0003039e                ll_hciCmdLeReadPhy
                0x000305ca                ll_bgbuf_callback.lto_priv.683
                0x000305dc                ll_hciCmdSetAdvertisingSetRandomAddress
                0x00030704                ll_hciCmdSetExtendedScanResponseData
                0x00030744                ll_hciCmdSetExtendedAdvertisingData
                0x00030784                ll_radioGetMaxTxPower
                0x0003079c                ll_hciCmdSetExtendedAdvertisingParameters
                0x00030994                ll_radioLoadPacketFragment
                0x00030a14                ll_radioLoadPacket
                0x00030a60                ll_radioGetPacketTimeWithPhy
                0x00030a84                ll_radioRandom
                0x00030aa8                ll_radioReadRxPacketDetails
                0x00030b00                ll_radioReadRxPacket
                0x00030c0c                ll_hciCall
                0x00030c2c                hci_command_shared_response
                0x00030c3c                hci_command_init_shared
                0x00030c64                hci_command_alloc
                0x00030c92                hci_le_set_advertising_set_random_address.part.5
                0x00030c92                hci_le_set_extended_advertising_data.part.6
                0x00030c92                hci_le_set_extended_scan_response_data.part.7
                0x00030c92                hci_read_conn_phy.part.17
                0x00030ca0                hci_le_set_ext_scan_enable
                0x00030cd4                hci_le_set_extended_advertising_enable
                0x00030d14                hci_close_acl
                0x00030d66                hci_state_listener
                0x00030f90                ll_radioSetMaxTxPower
                0x00031014                ll_radioSetRfPathCompensation
                0x00031038                ll_radioInit
                0x00031190                ll_startOrQueueProcedure
                0x000314a8                hci_send_acl
                0x00031598                l2cap_send_update_parameters_response.lto_priv.693
                0x000315e0                l2cap_message_handler
                0x0003161c                l2cap_send_fixed_channel
                0x00031f84                ll_llcpUpdateChannelMap_sender.lto_priv.392
                0x0003234c                ll_radioRxAfterTx
                0x0003236c                ll_radioRxSchedule
                0x00032488                ll_radioTxAfterRx
                0x000329b2                ll_radioTxSchedule
                0x00032a04                ll_radioTxStart
                0x00032a3c                ll_radioStop
                0x00032cb0                ll_radioConfigureChannel
                0x00033406                ll_scanTaskPrimaryHandler
                0x00033710                gecko_priority_handle
                0x000351d4                ll_randomAesCtrEncrypt.lto_priv.369
                0x0003525c                ll_randomAesRandUpdate.lto_priv.370
                0x000352a4                ll_randomInit
 .text          0x000352c8     0x4c58 C:\Users\BSTHIT~1\AppData\Local\Temp\ccEVzNrt.ltrans6.ltrans.o
                0x00035438                gecko_init_alloc
                0x000359e8                hci_increase_token
                0x000359fa                gecko_bgapi_class_test_init
                0x00035a28                gecko_bgapi_class_system_init
                0x00035a48                gecko_bgapi_class_le_connection_init
                0x00035a4e                gecko_bgapi_class_hardware_init
                0x00035a6c                gecko_bgapi_class_gatt_server_init
                0x00035a72                gecko_bgapi_class_le_gap_init
                0x00035a78                gecko_bgapi_class_flash_init
                0x00035a7e                gecko_bgapi_class_dfu_init
                0x00035a84                gatt_db_find_attribute_by_type
                0x00035abc                gatt_db_get_16bit_char_handle
                0x00035ae2                gatt_db_user_value
                0x00035b00                gatt_db_get_char_properties
                0x00035b44                gatt_db_handle_active
                0x00035b74                gatt_db_get_data
                0x00035d4c                send_notification.lto_priv.743
                0x00035fa0                gatt_get_next_connection
                0x0003602c                validate_scanning_phymask.lto_priv.745
                0x0003605c                ubt_gap_set_scan_parameters
                0x000360a8                gap_set_advertising_configuration.part.15
                0x00036124                gap_stop_advertising
                0x00036150                bondingdb_is_bonded
                0x00036170                ubt_sm_set_bond_data
                0x000361c8                handle_database_changed.part.3.lto_priv.367
                0x00036330                gecko_stack_update_callback
                0x00036340                gecko_external_signal
                0x0003635c                bgbuf_get_data.part.1.lto_priv.746
                0x00036442                bgbuf_chain_defragment
                0x000364ce                bgbuf_chain_drop_end
                0x00036510                bgbuf_chain_drop
                0x0003653c                bgbuf_chain_add
                0x00036550                bgbuf_chain_len
                0x00036564                bgbuf_prepend_no_alloc
                0x000365a8                bgbuf_chain_prepend_data
                0x00036632                bgbuf_prepend
                0x0003665c                bgbuf_chain_pop_packet
                0x00036684                bgbuf_chain_free
                0x000368e0                ubt_gap_set_adv_data
                0x000369bc                bgbuf_copy_to
                0x000369d2                handle_bgapi_output.lto_priv.452
                0x00036a60                sli_bt_cmd_handler_delegate
                0x00036afc                gatt_db_set_data
                0x00036cf0                finish_execute_write_req.lto_priv.744
                0x00036f58                bgbuf_append_data
                0x00036f7c                bgbuf_chain_append_data
                0x00037138                gap_start_advertising.part.19
                0x000376f4                ubt_gap_set_le_mode
                0x00037774                hci_send_command
                0x000377b0                hci_state_listener_idle
                0x00038d4c                hci_state_listener_init
                0x00038d74                hci_state_listener_init_default_data_length
                0x00038de4                gap_scan_update
                0x00038ef0                ubt_gap_le_discover
                0x00038f58                gap_listener
                0x00039130                gecko_wait_event
                0x000392e8                gecko_stack_init
 .text.unlikely
                0x00039f20      0x2f8 C:\Users\BSTHIT~1\AppData\Local\Temp\ccEVzNrt.ltrans6.ltrans.o
 .text          0x0003a218     0x5684 C:\Users\BSTHIT~1\AppData\Local\Temp\ccEVzNrt.ltrans7.ltrans.o
                0x0003a218                s9ee8e7b377e7bbae007f625ff51febedc8d063543feed2ab0e008bffacc9ccb7.lto_priv.600
                0x0003a240                s6fbe0c269e360b8f1fbbc98112acdb192df0211550e6133771232053ab246715.lto_priv.609
                0x0003a2d0                s624f8c76922faa844830447cf90125102f41bf49506e655929c46dc7995774e1.lto_priv.608
                0x0003aaac                s79b2cf771f824155024802e28f371c5677ccaf9afdef7deaec04d3f709d854e5
                0x0003aac4                s89b6306be573542508d8a27195da49d14275429e84ba74cfad810d0ba9e10af6
                0x0003ab28                s7f59fcc55096b2d8416689d8421b79114f59f7ca0bdfdaedd425953cff6d1f8a.lto_priv.495
                0x0003ac1c                s42750a79d896162f043fdd4f7dc63c8a4cd74cab5aaee57be74d54f804f1774d.lto_priv.493
                0x0003ac80                sfce14941ec34a4cdfea1f486b7a25608885b6a2557f1702e4dfc47a28176b981
                0x0003ac9c                sb8b7c87872f20a1b2e9ca71591f6ee7bd3e142c0f8f8915edacdbcd6d284eabb
                0x0003acc0                sc17d18a332127f5d82a41d9554e9ffc6a4fb1a762c234cac46890ecbb8d3b4f2
                0x0003ad2c                s76c034da60c2e7d487bb432ae2dc811dd6a06d3ff432c8a4cf3c358b5cb88ac9.lto_priv.640
                0x0003adf8                s63a47c678b227da32b4494a3ee56d6491ec443d838b176a02d4c857141d9bbf2
                0x0003ae9c                s3cd54b87c58bf9cdbab766ce63bcb9ef69395a720d7351aec80aaa257779f89a
                0x0003aee0                sbc4a2be99bae90a0cb196153d3738925408a4bbd2115f6c394d401d4451a88fd
                0x0003aee2                sd16c20d11368f7861c7c18861b3bb2f653ece4a4f68f1c7f5ad54ecf6072bdc4
                0x0003aee4                s6f055531860a5f6ec4656d7b49cdc5e9c3069e28ae138077be88277bd660bde7
                0x0003aee6                s312d86a3565f72893c1d22ffd0c11d65625eeb406986223da913ab716d54845e
                0x0003aee8                s972df6dcdf866c56a50f33ef9f723ec2828c36acb7206b2c2531dfbbcab5d667
                0x0003aeea                s8e2dd31798eea79fd5e81d9a92634b0867a19a961bcac3191514a6de19b3d7d5
                0x0003aeec                s372c286f277470501bd02d8f197b9c84d9ae227d823147faa1f9e249be29571d
                0x0003aeee                s250e52ab9380b7d49dc97612d246fd21e974ab67e6db223457244a942c9dc309
                0x0003aef0                s2b8ec4879d87981780fa246cbe8ebd8aa66e57a3181f82365bb1dc6c1c2cbc43
                0x0003af2c                s3f1c7a3f39c41f111001d5a33f9c4ddd0235d48c4166a4f8ec808665669aad9d
                0x0003af2e                s61adfbbcba16ba81abf84d0b3242fe559db76d00d69b3d8555e5f787d686b27d
                0x0003af30                s96fe0f5916f5640c5d7bb1ff58f1405f09ee06f963d7bb2227e6367fbfcc9b12
                0x0003af32                s10fe6dc12b6819e7c346382fd474c0a7df89768d2ff749eaf067dd4c0ece96a2
                0x0003af34                s6e11c475ea8f9e651faf3c80d51da1e91a18cc1151e52331f252f89167f9a359
                0x0003af36                s95c2f6132a5f9615560a3dfdad98fa307078ad8a11097fcbf27c9938ff740fbc
                0x0003af38                scb9ecf188313f43255a472b8962878182f691c958464a3dbdab14c9f4093a0c0
                0x0003af3a                s7db4aa6cbc149fe2ae16b7e6d60090d1fc9c836562b982b2633cbef25d2fe64a
                0x0003af3c                s7aa79d177aa9d11e860ee433751bc21b66abe4bf614eddbefd35d992a500aa05.lto_priv.637
                0x0003aff6                s8a52b6d7e15aa5d30bd77cd0f9697c991a3734bc74d3db268f2c4017d76e5865
                0x0003b530                s7313f1098d358009fbf31a95bf894aeafd653c6330733aff2036ef76d46b24d9
                0x0003b8e0                s1487e8a4227712aa5ba9b71335d58fd455da9a115571c82a43a2ab660e0284eb
                0x0003bb74                s99dc75304d471a50d48278a417a4b618a81e3c74037c1cb6444ff8527d830a74
                0x0003bbee                s1aa90271a08b20d46a27f6a7b9d3cb3f0f0f45c976a288d9f799eaed3a8885a6
                0x0003bc08                s660204d0976a12fb73eceb2a8316c0f1496df2336ad250ca28dea50d5818062b
                0x0003bc3c                s9b4a16f451c16075c2dc89465b45a6b39de6d32e037fd168dc2f831375ffeb2d
                0x0003bc54                sce92c6117e55f1d83ea587692e2220a36a6bc5a86d2362fa5624ab6d3c5ce465.lto_priv.491
                0x0003bd1c                sfe3bc3084e2b2a1593446d7d0797b1d65d3704dd1fbbc643d0e635b68adb914d
                0x0003bd94                s5edf1417246043a6b343c5ac63c580d319237f98cc97e104a3cfd8d4b5a9d693
                0x0003be8a                s606417dffcba22ee3471ce02c7f947bfe1667a9fdd66039fe4c2bd9aed0e73e2
                0x0003bed8                s118d50f840732eb767ca81b7c77f2620263cfaa213b92aa3cf7094b57db69fee
                0x0003bf3a                se93dbd4d27e2513e2410a77425f7d2104b8e2dfad7c153774c5c6eac0592ec6b
                0x0003bf98                s240e97313efe110801fa169dbbb8fd9ec45af1caf9db019f89c19427331ef402.lto_priv.599
                0x0003e1f0                s65e6e8cb4e9aa995c6147fcc205de02cb3561aa4d4783a2c03af614f0809bbfb
                0x0003e25a                s8878651543336fa1145f8b71eddb56115b406beb5bed408ca435141243903d07.lto_priv.610
                0x0003e784                s07d0d60b80759ba5bfef6ae0a6e77471cc2039d167112c48b0dad127a56a7f01.lto_priv.497
                0x0003e7b4                sef8368169f3026584af3f56d801d17e982b031e738f3c443e33ade2a527e60ce
 .text.unlikely
                0x0003f89c      0x548 C:\Users\BSTHIT~1\AppData\Local\Temp\ccEVzNrt.ltrans7.ltrans.o
                0x0003f9b4                s29a650147ed900afd81d8677a294b6efec84df043f9b50b25ffecbeff40e62a8
 .text          0x0003fde4     0x48e8 C:\Users\BSTHIT~1\AppData\Local\Temp\ccEVzNrt.ltrans8.ltrans.o
                0x00040114                sc0bc71f62d12964bdfb95753ac196751bce4dca4e59f175c8fcc4c22e81a5d16
                0x0004011a                s471dec7842891b2a1c6e8b855e83a2b71d5e75311d226e627cb015646c17fa0b
                0x00040132                s42d778344f6617e471a30d0bc62a451d64addb97de3449433e991bea0a413f69
                0x000402a4                s8ddf3aaf2d5900c262fb05dcf400bbf8df256624f5ba968e913069ac9cf43e39
                0x000402aa                sa64e5f2572df9d22fe35089124c0f5da26f0d3f62b3c8f5e525470a7aacf7db4
                0x000406c4                sad65890ac49473d3ec66f16acf191233a03f7f21cee8ac53a213b1d160a0e606
                0x000406c8                s764c798ce9d65a98edc58937a29f7525dda2e846b9d91a64be055f42073d4e87
                0x00040740                gecko_register_bgapi_library.constprop.316
                0x00040780                bg_pool_init_pool.constprop.284
                0x000407fc                s3ce653f168fe1a8c273a7766ae1e5e3bde8173e634ba371528bc3323bee070c5.constprop.268
                0x000408f8                ccm_auth_crypt.constprop.267
                0x00040ba4                mbedtls_ccm_setkey.constprop.264
                0x00040bfc                s27e83e23843ae2b788db1fb197445cc9e47a807bc7351e21f0320197f08fe99f.constprop.263
                0x00040caa                sace7cc2517b6e779d2525fdf3fc3e00bef8d2385b43bda0bae4205c3976f8f6c.constprop.259
                0x00040cfa                sa6f04ebafc4f26bf78f8cc9b25fb956905f86b66c47dbd9c1967380f294bc212.constprop.250
                0x00040d54                s422e0eb265b84bc3369f6ff2639ac5c4039271703ebe6a1b7d32300956e1aef1.constprop.248
                0x00040d98                gecko_cmd_le_gap_bt5_set_adv_data.constprop.245
                0x00040df8                hci_command_init_shared_bgbuf.constprop.230
                0x00040e4c                swap_endianess.constprop.227
                0x00040e68                bondingdb_find_by_data.part.2.constprop.216
                0x00040eb8                ubt_message_call.constprop.213
                0x00040f00                gatt_set_enabled_caps.constprop.202
                0x00040f58                ll_randomGetData.constprop.178
                0x00040f98                _mesh_foundation_send_byte_array_impl.constprop.151
                0x0004104e                s8f68d5bf5cfee900ce165f9d87ea959034d8fb13e81d4214af6a9112e94e8e3f.constprop.150
                0x0004111c                sec0548437a174f3d4d8bcc51083029fe9b4c2dae70287fa7fc14fa71ab3e627a.constprop.144
                0x000411d4                s5112f0b94e0fd6936eebce8f26c70de650d391f208dd130dfab248aa3facffde.part.5.constprop.135
                0x00041258                s2a9aee7eec13ab6a4407898138b1cf95f68627323ca7273e76209e80bb70b031.constprop.113
                0x00041274                sb590193b77980aa89e08a7733d7e8e180af3795d3b578780cead60719831e663.constprop.95
                0x000412d8                mbedtls_mpi_write_binary.constprop.89
                0x00041342                mbedtls_ecp_group_load.constprop.70
                0x000413b0                sb32f6b293da93fb92eeaafceaf6c7e0662b7dd0e49ebf74606de4345acef4e74.constprop.63
                0x00041484                s6dc2cd70b9acccc5db0922954a0cb41c4b82a0d81a696646df6135d7988cb72d.constprop.39
                0x00041534                s70cb8150a9da451ef1107901ffd71e42403ccb214904bfb891ee72b6683e97cf.constprop.37
                0x00041628                sd97ca192eadf0fd3b8aa57ef8b262c110cb7a3b37155d3158fa16d89fffb6e3b.constprop.22
                0x00041700                header_invalid
                0x0004171e                crc32_calc.lto_priv.645
                0x0004174c                find_obj
                0x000417ac                nvm3_readData.constprop.296
                0x000417e0                mbedtls_internal_ecp_grp_capable
                0x000417ea                ecp_crypto_ddata_write.lto_priv.440
                0x00041860                mpitobigint.lto_priv.438
                0x0004189e                CRYPTO_InstructionSequenceWait.lto_priv.322.lto_priv.448
                0x0004189e                CRYPTO_InstructionSequenceWait.lto_priv.323.lto_priv.442
                0x000418a6                CRYPTO_DDataRead.lto_priv.328.lto_priv.450
                0x000418a6                CRYPTO_DDataRead.lto_priv.329.lto_priv.443
                0x000418ca                CRYPTO_DData0Read260.lto_priv.326.lto_priv.449
                0x000418e0                CRYPTO_DDataWrite.lto_priv.332.lto_priv.441
                0x000418e0                CRYPTO_DDataWrite.lto_priv.330.lto_priv.451
                0x000418e0                CRYPTO_DDataWrite.lto_priv.331.lto_priv.446
                0x00041904                CRYPTO_DData0Write260.lto_priv.324.lto_priv.447
                0x0004191c                s2eccefb595361fba41b6aa7f531f7cd196eaf2cf3fd6faf8dc7d5536b3d6d6a5.lto_priv.487
                0x00041d1a                sc466c5fc2abb4973e00ea11b8e974fa2ad9c81bcc14f75e5055fd39a8c84a0d9
                0x00041d3a                s2ff1d3c56df103d47fefc841c547c1c87ddba9c80a0fea071261e4a107d3a8ca
                0x0004213c                sc3e0162b7b5980315aad68c1e3ef1b5e3e658a7e9ba171b03f826abe1b7ba4dd.constprop.18
                0x000422bc                sc3be15caf4bcc116d44874fd374903b22e14f1020c0c7043ad4751fad3dff32e.constprop.15
                0x0004249e                s0cf461024c9a8bbbfa6b75d9022355578bb6d5afdc0b38fea6b2af4385ad3c74
                0x000424d8                sd43a2cb4c2c0b2605ed97f8b4fe1031a930ac7a61ee2643f70a9de42bf7766d8
                0x0004256c                s4dafdd0140393d1ba5d51ea20501e96cd5f81d5f3040f012356e8b53197eac0b
                0x000425d2                s0afa938f053fa2b1b1bd56346ce82efc62c3edec40dd923ef355afc868dc34ea
                0x000425f4                scb75d3bd90ed13fc81fdabca8acec3e1ee8e89ccb3a775dcafa9143a8bab06d5
                0x00042688                se8aa132a1ea5b3100ba9e92c8e1a29f94865748e2680893cfcbaa96effd5b347
                0x000426d2                sf57065f686acafc36951e2f9a8663edcba2992d33faa0f128b9c34d6b60d569b
                0x000427f0                sc393908489c4c368e9318a8288c6a5c179d005ea373b3d82870cfe03ea6b6287.lto_priv.340.lto_priv.559
                0x000427f0                sc393908489c4c368e9318a8288c6a5c179d005ea373b3d82870cfe03ea6b6287.lto_priv.343.lto_priv.536
                0x000427f0                sc393908489c4c368e9318a8288c6a5c179d005ea373b3d82870cfe03ea6b6287.lto_priv.337.lto_priv.563
                0x000427f0                sc393908489c4c368e9318a8288c6a5c179d005ea373b3d82870cfe03ea6b6287.lto_priv.345.lto_priv.528
                0x000427f0                sc393908489c4c368e9318a8288c6a5c179d005ea373b3d82870cfe03ea6b6287.lto_priv.351.lto_priv.454
                0x000427f0                sc393908489c4c368e9318a8288c6a5c179d005ea373b3d82870cfe03ea6b6287.lto_priv.348.lto_priv.486
                0x000427f0                sc393908489c4c368e9318a8288c6a5c179d005ea373b3d82870cfe03ea6b6287.lto_priv.339.lto_priv.560
                0x000427f0                sc393908489c4c368e9318a8288c6a5c179d005ea373b3d82870cfe03ea6b6287.lto_priv.341.lto_priv.557
                0x000427f0                sc393908489c4c368e9318a8288c6a5c179d005ea373b3d82870cfe03ea6b6287.lto_priv.336.lto_priv.567
                0x000427f0                sc393908489c4c368e9318a8288c6a5c179d005ea373b3d82870cfe03ea6b6287.lto_priv.344.lto_priv.535
                0x000427f0                sc393908489c4c368e9318a8288c6a5c179d005ea373b3d82870cfe03ea6b6287.lto_priv.347.lto_priv.488
                0x000427f0                sc393908489c4c368e9318a8288c6a5c179d005ea373b3d82870cfe03ea6b6287.lto_priv.335.lto_priv.472
                0x000427f0                sc393908489c4c368e9318a8288c6a5c179d005ea373b3d82870cfe03ea6b6287.lto_priv.346.lto_priv.463
                0x000427f0                sc393908489c4c368e9318a8288c6a5c179d005ea373b3d82870cfe03ea6b6287.lto_priv.338.lto_priv.561
                0x000427f0                sc393908489c4c368e9318a8288c6a5c179d005ea373b3d82870cfe03ea6b6287.lto_priv.350.lto_priv.481
                0x000427f0                sc393908489c4c368e9318a8288c6a5c179d005ea373b3d82870cfe03ea6b6287.lto_priv.342.lto_priv.533
                0x000427f0                sc393908489c4c368e9318a8288c6a5c179d005ea373b3d82870cfe03ea6b6287.lto_priv.349.lto_priv.480
                0x00042814                s57c4f178a69950a8ead90211163b48f936907f09e1e116c1e3401b1f7c6588c4
                0x0004288a                saed09c83749bccfbc8db314cda3d2a6358ca2ca5558276e962f8be3250c987b8
                0x0004293a                se040ea604df8dcd3a816ad43b98580354cf4a7556551619049d19fc429d15fd0
                0x00042a74                s27fe0243df1d1dae6d145c2ee3dd7605b96cd4a32b1b4c2ded7b04766e6f3fee.lto_priv.333.lto_priv.489
                0x00042a84                sddacce9a9dbcbe5e94a30133c965734c80bb1cba337c67b76c9b4877f69127e8
                0x00042c50                s40be1bd4d70bb95d61ae167f842e319d6802e43c63bf290e68350679bd4c2e1e
                0x00042e1c                sd0dfcbaf547a3f2e9bc0fd2a577ca53ce9ee264639a37302eb4ff997c3da10b0
                0x00043098                s2153152e2ee17c2f9d8cdff056551a583b7244f343b63ac4d8133154a28569a2
                0x00043354                s2086c55b51786c589c157ffac2e7c509f5b2e105f0845a69571f5100af85a8d3
                0x00043380                ecp_crypto_ddata_read.lto_priv.445
                0x0004341e                crypto_mpi_div_mod.lto_priv.444
                0x00043652                store_delete.part.1.constprop.279
                0x000436ec                erase_db
                0x0004371c                nvm3_writeData.constprop.297
                0x000439b8                sab534f3a77a58bf6f26722b7d19155b3c1face143bb890dcfdd107444a526018.constprop.257
                0x00043b84                ecp_crypto_device_init.isra.0.lto_priv.439
                0x00043bc8                mbedtls_internal_ecp_normalize_jac
                0x00043fd4                mbedtls_ecp_mul.constprop.76
                0x0004440c                mbedtls_cipher_cmac_starts.constprop.286
                0x00044458                se3d6193c1babf0d589d0f0014f0ae31b048d1d5813483c434c8366f3b97dbd1a.constprop.156
                0x00044648                s4a7f6416e10a17e4b02f6925fb6f5235611ddfd0c20242122f1944084303872d.constprop.155
 .text.unlikely
                0x000446cc      0x318 C:\Users\BSTHIT~1\AppData\Local\Temp\ccEVzNrt.ltrans8.ltrans.o
                0x00044736                l2cap_send_command_reject.constprop.198
                0x0004477e                s81ed4c1d73d99fe1faa2461c6532474dd141f2c8f830772fd3ca33cea5a981c7.part.4.constprop.133
                0x000447ec                s2cb9803e3061f133a9c690d798942d936ca2d703e23fafaece9ee6af762dc19a.constprop.127
                0x000449d0                scf227a659f9a96736073c076555c3527db557bbf6dfba1d0ea9273b77523b0cf.lto_priv.490
 .text          0x000449e4     0x8d8c C:\Users\BSTHIT~1\AppData\Local\Temp\ccEVzNrt.ltrans9.ltrans.o
                0x00045636                WDOG0_IRQHandler
                0x00045636                USART2_RX_IRQHandler
                0x00045636                sl_app_properties
                0x00045636                MemManage_Handler
                0x00045636                WDOG1_IRQHandler
                0x00045636                LDMA_IRQHandler
                0x00045636                USART2_TX_IRQHandler
                0x00045636                LEUART0_IRQHandler
                0x00045636                CSEN_IRQHandler
                0x00045636                DebugMon_Handler
                0x00045636                ACMP0_IRQHandler
                0x00045636                Default_Handler
                0x00045636                BusFault_Handler
                0x00045636                WTIMER0_IRQHandler
                0x00045636                CRYPTO1_IRQHandler
                0x00045636                SysTick_Handler
                0x00045636                SMU_IRQHandler
                0x00045636                IDAC0_IRQHandler
                0x00045636                RTCC_IRQHandler
                0x00045636                UsageFault_Handler
                0x00045636                CRYOTIMER_IRQHandler
                0x00045636                USART0_TX_IRQHandler
                0x00045636                SVC_Handler
                0x00045636                PendSV_Handler
                0x00045636                TRNG0_IRQHandler
                0x00045636                USART1_TX_IRQHandler
                0x00045636                USART1_RX_IRQHandler
                0x00045636                CMU_IRQHandler
                0x00045636                MSC_IRQHandler
                0x00045636                PCNT0_IRQHandler
                0x00045636                VDAC0_IRQHandler
                0x00045636                TIMER0_IRQHandler
                0x00045636                EMU_IRQHandler
                0x00045636                ADC0_IRQHandler
                0x00045636                TIMER1_IRQHandler
                0x00045636                I2C1_IRQHandler
                0x00045636                CRYPTO0_IRQHandler
                0x00045636                LESENSE_IRQHandler
                0x00045636                FPUEH_IRQHandler
                0x00045636                HardFault_Handler
                0x00045636                NMI_Handler
                0x0004609c                GPIO_PinOutSet.lto_priv.706
                0x000460f4                GPIO_PinOutClear.lto_priv.710
                0x0004614c                GPIO_IntClear.lto_priv.731
                0x0004616c                GPIO_ExtIntConfig
                0x0004628c                GPIO_EM4SetPinRetention.lto_priv.747
                0x00047010                EMU_DCDCLnRcoBandSet
                0x00048040                CRYPTO_KeyRead
                0x00048078                CRYPTO_ModulusSet
                0x00048158                CORE_InitNvicVectorTable
                0x00048220                CORE_SetNvicRamTableHandler
                0x0004849e                CORE_ExitAtomic
                0x000484b8                CORE_EnterAtomic
                0x000484d8                CORE_AtomicEnableIrq
                0x000484e6                CORE_AtomicDisableIrq
                0x0004851c                CORE_ExitCritical
                0x00048536                CORE_EnterCritical
                0x00048a1c                CMU_ClockSelectGet
                0x00048d48                CMU_ClockEnable
                0x0004927c                CMU_OscillatorEnable
                0x000496a0                SLEEP_LowestEnergyModeGet
                0x000496e0                SLEEP_SleepBlockEnd
                0x0004972c                SLEEP_SleepBlockBegin
                0x0004976c                SystemLFXOClockGet
                0x00049784                SystemULFRCOClockGet
                0x00049796                SystemLFRCOClockGet
                0x000497d4                Reset_Handler
                0x00049820                SystemHFXOClockGet
                0x00049838                SystemHFClockGet
                0x000499bc                CMU_HFXOAutostartEnable
                0x00049cd4                CMU_ClockFreqGet
                0x0004a1e8                CMU_ClockSelectSet
                0x0004a79c                SLEEP_Sleep
                0x0004ac14                RETARGET_SerialFlush
                0x0004ac30                RETARGET_SerialCrLf
                0x0004ac84                _sbrk
                0x0004acc4                _lseek
                0x0004acf8                _isatty
                0x0004ad1e                _fstat
                0x0004ad3e                _exit
                0x0004ad48                _close
                0x0004af5c                DISPLAY_DeviceGet
                0x0004b04c                DISPLAY_Init
                0x0004b37e                SLEEP_Init
                0x0004b710                RETARGET_SerialInit
                0x0004b83c                _write
                0x0004b8f4                _read
                0x0004b946                USART0_RX_IRQHandler
                0x0004c81a                I2CSPM_Transfer
                0x0004c864                I2CSPM_Init
                0x0004c99c                gecko_main_init
                0x0004cdcc                StorePersistentData
                0x0004ce30                send_ppm_friend
                0x0004d148                handle_gecko_event
 .text.RAIL_InitTxPowerCurvesAlt
                0x0004d770       0x20 C:\Users\BS THITE\SimplicityStudio\v4_workspace\soc-btmesh-empty\platform\radio\rail_lib\autogen\librail_release\librail_efr32xg13_gcc_release.a(pa_conversions_efr32.o)
                0x0004d770                RAIL_InitTxPowerCurvesAlt
 .text.RAIL_ConvertDbmToRaw
                0x0004d790       0xbc C:\Users\BS THITE\SimplicityStudio\v4_workspace\soc-btmesh-empty\platform\radio\rail_lib\autogen\librail_release\librail_efr32xg13_gcc_release.a(pa_conversions_efr32.o)
                0x0004d790                RAIL_ConvertDbmToRaw
 .text.RAIL_ConvertRawToDbm
                0x0004d84c       0xb0 C:\Users\BS THITE\SimplicityStudio\v4_workspace\soc-btmesh-empty\platform\radio\rail_lib\autogen\librail_release\librail_efr32xg13_gcc_release.a(pa_conversions_efr32.o)
                0x0004d84c                RAIL_ConvertRawToDbm
 .text.setMultiTimer
                0x0004d8fc        0x4 C:\Users\BS THITE\SimplicityStudio\v4_workspace\soc-btmesh-empty\platform\radio\rail_lib\autogen\librail_release\librail_efr32xg13_gcc_release.a(rail_singleprotocol.o)
 .text.cancelMultiTimer
                0x0004d900        0x4 C:\Users\BS THITE\SimplicityStudio\v4_workspace\soc-btmesh-empty\platform\radio\rail_lib\autogen\librail_release\librail_efr32xg13_gcc_release.a(rail_singleprotocol.o)
 .text.isMultiTimerExpired
                0x0004d904        0x4 C:\Users\BS THITE\SimplicityStudio\v4_workspace\soc-btmesh-empty\platform\radio\rail_lib\autogen\librail_release\librail_efr32xg13_gcc_release.a(rail_singleprotocol.o)
 .text.getMultiTimer
                0x0004d908        0x4 C:\Users\BS THITE\SimplicityStudio\v4_workspace\soc-btmesh-empty\platform\radio\rail_lib\autogen\librail_release\librail_efr32xg13_gcc_release.a(rail_singleprotocol.o)
 .text.getActiveTimerCb
                0x0004d90c       0x18 C:\Users\BS THITE\SimplicityStudio\v4_workspace\soc-btmesh-empty\platform\radio\rail_lib\autogen\librail_release\librail_efr32xg13_gcc_release.a(rail_singleprotocol.o)
 .text.isMultiTimerRunning
                0x0004d924        0x4 C:\Users\BS THITE\SimplicityStudio\v4_workspace\soc-btmesh-empty\platform\radio\rail_lib\autogen\librail_release\librail_efr32xg13_gcc_release.a(rail_singleprotocol.o)
 .text.RAIL_Init
                0x0004d928       0x2c C:\Users\BS THITE\SimplicityStudio\v4_workspace\soc-btmesh-empty\platform\radio\rail_lib\autogen\librail_release\librail_efr32xg13_gcc_release.a(rail_singleprotocol.o)
                0x0004d928                RAIL_Init
 .text.RAIL_GetSchedulerStatus
                0x0004d954        0x4 C:\Users\BS THITE\SimplicityStudio\v4_workspace\soc-btmesh-empty\platform\radio\rail_lib\autogen\librail_release\librail_efr32xg13_gcc_release.a(rail_singleprotocol.o)
                0x0004d954                RAIL_GetSchedulerStatus
 .text.RAIL_ConfigSleep
                0x0004d958       0x14 C:\Users\BS THITE\SimplicityStudio\v4_workspace\soc-btmesh-empty\platform\radio\rail_lib\autogen\librail_release\librail_efr32xg13_gcc_release.a(rail_singleprotocol.o)
                0x0004d958                RAIL_ConfigSleep
 .text.RAIL_Wake
                0x0004d96c        0x4 C:\Users\BS THITE\SimplicityStudio\v4_workspace\soc-btmesh-empty\platform\radio\rail_lib\autogen\librail_release\librail_efr32xg13_gcc_release.a(rail_singleprotocol.o)
                0x0004d96c                RAIL_Wake
 .text.RAIL_Sleep
                0x0004d970       0x18 C:\Users\BS THITE\SimplicityStudio\v4_workspace\soc-btmesh-empty\platform\radio\rail_lib\autogen\librail_release\librail_efr32xg13_gcc_release.a(rail_singleprotocol.o)
                0x0004d970                RAIL_Sleep
 .text.RAIL_Idle
                0x0004d988        0x8 C:\Users\BS THITE\SimplicityStudio\v4_workspace\soc-btmesh-empty\platform\radio\rail_lib\autogen\librail_release\librail_efr32xg13_gcc_release.a(rail_singleprotocol.o)
                0x0004d988                RAIL_Idle
 .text.RAIL_YieldRadio
                0x0004d990        0x2 C:\Users\BS THITE\SimplicityStudio\v4_workspace\soc-btmesh-empty\platform\radio\rail_lib\autogen\librail_release\librail_efr32xg13_gcc_release.a(rail_singleprotocol.o)
                0x0004d990                RAIL_YieldRadio
 .text.RAIL_GetRadioEntropy
                0x0004d992        0x8 C:\Users\BS THITE\SimplicityStudio\v4_workspace\soc-btmesh-empty\platform\radio\rail_lib\autogen\librail_release\librail_efr32xg13_gcc_release.a(rail_singleprotocol.o)
                0x0004d992                RAIL_GetRadioEntropy
 .text.RAIL_SetTimer
                0x0004d99a       0x1c C:\Users\BS THITE\SimplicityStudio\v4_workspace\soc-btmesh-empty\platform\radio\rail_lib\autogen\librail_release\librail_efr32xg13_gcc_release.a(rail_singleprotocol.o)
                0x0004d99a                RAIL_SetTimer
 .text.RAIL_CancelTimer
                0x0004d9b6        0xe C:\Users\BS THITE\SimplicityStudio\v4_workspace\soc-btmesh-empty\platform\radio\rail_lib\autogen\librail_release\librail_efr32xg13_gcc_release.a(rail_singleprotocol.o)
                0x0004d9b6                RAIL_CancelTimer
 .text.RAIL_StartTx
                0x0004d9c4        0x8 C:\Users\BS THITE\SimplicityStudio\v4_workspace\soc-btmesh-empty\platform\radio\rail_lib\autogen\librail_release\librail_efr32xg13_gcc_release.a(rail_singleprotocol.o)
                0x0004d9c4                RAIL_StartTx
 .text.RAIL_StartScheduledTx
                0x0004d9cc        0x8 C:\Users\BS THITE\SimplicityStudio\v4_workspace\soc-btmesh-empty\platform\radio\rail_lib\autogen\librail_release\librail_efr32xg13_gcc_release.a(rail_singleprotocol.o)
                0x0004d9cc                RAIL_StartScheduledTx
 .text.RAIL_ScheduleRx
                0x0004d9d4        0x8 C:\Users\BS THITE\SimplicityStudio\v4_workspace\soc-btmesh-empty\platform\radio\rail_lib\autogen\librail_release\librail_efr32xg13_gcc_release.a(rail_singleprotocol.o)
                0x0004d9d4                RAIL_ScheduleRx
 .text.radioConfigChangedDefault
                0x0004d9dc        0x2 C:\Users\BS THITE\SimplicityStudio\v4_workspace\soc-btmesh-empty\platform\radio\rail_lib\autogen\librail_release\librail_efr32xg13_gcc_release.a(rail_rf.o)
 .text.isTransitionState
                0x0004d9de       0x12 C:\Users\BS THITE\SimplicityStudio\v4_workspace\soc-btmesh-empty\platform\radio\rail_lib\autogen\librail_release\librail_efr32xg13_gcc_release.a(rail_rf.o)
 .text.RAILCore_Idle.part.2
                0x0004d9f0        0xc C:\Users\BS THITE\SimplicityStudio\v4_workspace\soc-btmesh-empty\platform\radio\rail_lib\autogen\librail_release\librail_efr32xg13_gcc_release.a(rail_rf.o)
 .text.RAIL_UnlockModule
                0x0004d9fc        0x4 C:\Users\BS THITE\SimplicityStudio\v4_workspace\soc-btmesh-empty\platform\radio\rail_lib\autogen\librail_release\librail_efr32xg13_gcc_release.a(rail_rf.o)
                0x0004d9fc                RAIL_UnlockModule
 .text.RAILCore_Init
                0x0004da00       0x1e C:\Users\BS THITE\SimplicityStudio\v4_workspace\soc-btmesh-empty\platform\radio\rail_lib\autogen\librail_release\librail_efr32xg13_gcc_release.a(rail_rf.o)
                0x0004da00                RAILINT_59121321a1358ecc506fdb12a688e30c
 *fill*         0x0004da1e        0x2 
 .text.RAILInt_SetCallbackConfig
                0x0004da20       0x28 C:\Users\BS THITE\SimplicityStudio\v4_workspace\soc-btmesh-empty\platform\radio\rail_lib\autogen\librail_release\librail_efr32xg13_gcc_release.a(rail_rf.o)
                0x0004da20                RAILINT_67b8f114888c610aba62f28a55421a70
 .text.RAILCore_Idle
                0x0004da48       0x14 C:\Users\BS THITE\SimplicityStudio\v4_workspace\soc-btmesh-empty\platform\radio\rail_lib\autogen\librail_release\librail_efr32xg13_gcc_release.a(rail_rf.o)
                0x0004da48                RAILINT_c5804fbffcb4bb00ba2d55e8180afacd
 .text.RAILCb_CalcSymbolRate
                0x0004da5c        0x8 C:\Users\BS THITE\SimplicityStudio\v4_workspace\soc-btmesh-empty\platform\radio\rail_lib\autogen\librail_release\librail_efr32xg13_gcc_release.a(rail_rf.o)
                0x0004da5c                RAILCb_CalcSymbolRate
 .text.RAILCb_CalcBitRate